#
# There is insufficient memory for the Java Runtime Environment to continue.
# Native memory allocation (malloc) failed to allocate 1644016 bytes for Chunk::new
# Possible reasons:
#   The system is out of physical RAM or swap space
#   The process is running with CompressedOops enabled, and the Java Heap may be blocking the growth of the native heap
# Possible solutions:
#   Reduce memory load on the system
#   Increase physical memory or swap space
#   Check if swap backing store is full
#   Decrease Java heap size (-Xmx/-Xms)
#   Decrease number of Java threads
#   Decrease Java thread stack sizes (-Xss)
#   Set larger code cache with -XX:ReservedCodeCacheSize=
#   JVM is running with Unscaled Compressed Oops mode in which the Java heap is
#     placed in the first 4GB address space. The Java Heap base address is the
#     maximum limit for the native heap growth. Please use -XX:HeapBaseMinAddress
#     to set the Java Heap base and to place the Java Heap above 4GB virtual address.
# This output file may be truncated or incomplete.
#
#  Out of Memory Error (arena.cpp:168), pid=4164, tid=25844
#
# JRE version: Java(TM) SE Runtime Environment (21.0.11+9) (build 21.0.11+9-LTS-211)
# Java VM: Java HotSpot(TM) 64-Bit Server VM (21.0.11+9-LTS-211, mixed mode, sharing, tiered, compressed oops, compressed class ptrs, g1 gc, windows-amd64)
# No core dump will be written. Minidumps are not enabled by default on client versions of Windows
#

---------------  S U M M A R Y ------------

Command Line: --add-opens=java.base/java.lang=ALL-UNNAMED --add-opens=java.base/java.lang.invoke=ALL-UNNAMED --add-opens=java.base/java.util=ALL-UNNAMED --add-opens=java.prefs/java.util.prefs=ALL-UNNAMED --add-exports=jdk.compiler/com.sun.tools.javac.api=ALL-UNNAMED --add-exports=jdk.compiler/com.sun.tools.javac.util=ALL-UNNAMED --add-opens=java.base/java.nio.charset=ALL-UNNAMED --add-opens=java.base/java.net=ALL-UNNAMED --add-opens=java.base/java.util.concurrent=ALL-UNNAMED --add-opens=java.base/java.util.concurrent.atomic=ALL-UNNAMED --add-opens=java.xml/javax.xml.namespace=ALL-UNNAMED --add-opens=java.base/java.time=ALL-UNNAMED -XX:MaxMetaspaceSize=384m -XX:+HeapDumpOnOutOfMemoryError -Xms256m -Xmx512m -Dfile.encoding=UTF-8 -Duser.country=ID -Duser.language=en -Duser.variant -javaagent:C:\Users\Hype\.gradle\wrapper\dists\gradle-9.6.0-bin\42k10rwplmzkhuboz9kdazi7s\gradle-9.6.0\lib\agents\gradle-instrumentation-agent-9.6.0.jar org.gradle.launcher.daemon.bootstrap.GradleDaemon 9.6.0

Host: AMD Ryzen 5 7430U with Radeon Graphics         , 12 cores, 15G,  Windows 11 , 64 bit Build 26100 (10.0.26100.7309)
Time: Sat Aug  8 10:22:19 2026 SE Asia Standard Time elapsed time: 1150.851366 seconds (0d 0h 19m 10s)

---------------  T H R E A D  ---------------

Current thread (0x0000021bd2011de0):  JavaThread "C2 CompilerThread0" daemon [_thread_in_native, id=25844, stack(0x00000068c0200000,0x00000068c0300000) (1024K)]


Current CompileTask:
C2:1150851 14071       4       org.gradle.internal.fingerprint.impl.DefaultCurrentFileCollectionFingerprint::from (96 bytes)

Stack: [0x00000068c0200000,0x00000068c0300000]
Native frames: (J=compiled Java code, j=interpreted, Vv=VM code, C=native code)
V  [jvm.dll+0x6d0ef9]
V  [jvm.dll+0x860126]
V  [jvm.dll+0x86261e]
V  [jvm.dll+0x862cf3]
V  [jvm.dll+0x282bc6]
V  [jvm.dll+0xc67ad]
V  [jvm.dll+0xc6cf1]
V  [jvm.dll+0x3bbe71]
V  [jvm.dll+0x388322]
V  [jvm.dll+0x38776a]
V  [jvm.dll+0x24b520]
V  [jvm.dll+0x24aaff]
V  [jvm.dll+0x1cae7e]
V  [jvm.dll+0x25a7d9]
V  [jvm.dll+0x258d65]
V  [jvm.dll+0x3f50d1]
V  [jvm.dll+0x80ac0d]
V  [jvm.dll+0x6cf79d]
C  [ucrtbase.dll+0x37b0]
C  [KERNEL32.DLL+0x2e8d7]
C  [ntdll.dll+0x8c53c]


---------------  P R O C E S S  ---------------

Threads class SMR info:
_java_thread_list=0x0000021bd5c24750, length=79, elements={
0x0000021b9bb4c710, 0x0000021bb8b3aa30, 0x0000021bb8b3b590, 0x0000021bb8b3d8d0,
0x0000021bb8b3e590, 0x0000021bd200e4b0, 0x0000021bd200f040, 0x0000021bd2011de0,
0x0000021bd2018030, 0x0000021bd22211f0, 0x0000021bd2298260, 0x0000021bd3426100,
0x0000021bd44ba2a0, 0x0000021bd43fe2b0, 0x0000021bd436d440, 0x0000021bd436f510,
0x0000021bd436dad0, 0x0000021bd8a56fd0, 0x0000021bd8a57660, 0x0000021bd8a541e0,
0x0000021bd8a58380, 0x0000021bd8a58a10, 0x0000021bd8a55590, 0x0000021bd8b83ad0,
0x0000021bd8b84160, 0x0000021bd8b81370, 0x0000021bd8b847f0, 0x0000021bd8b81a00,
0x0000021bd8b84e80, 0x0000021bd8b82720, 0x0000021bd8b875e0, 0x0000021bd8b85510,
0x0000021bd8b85ba0, 0x0000021bd98c1960, 0x0000021bd6777eb0, 0x0000021bd6777820,
0x0000021bd8a5b800, 0x0000021bd8b80650, 0x0000021bd8b82090, 0x0000021bd8b80ce0,
0x0000021bd8b82db0, 0x0000021bd436e160, 0x0000021bd436fba0, 0x0000021bd4370230,
0x0000021bd6776470, 0x0000021bd6777190, 0x0000021bd6778540, 0x0000021bd6778bd0,
0x0000021bd6775750, 0x0000021bd6779260, 0x0000021bd6775de0, 0x0000021bd677c050,
0x0000021bd6779f80, 0x0000021bd677cd70, 0x0000021bd677aca0, 0x0000021bd677b330,
0x0000021bd677b9c0, 0x0000021bd92c6920, 0x0000021bd677c6e0, 0x0000021bd67798f0,
0x0000021bd98bb060, 0x0000021bd98bde50, 0x0000021bd98beb70, 0x0000021bd98bbd80,
0x0000021bd6713b10, 0x0000021bd98bb6f0, 0x0000021bd98bf890, 0x0000021bd98bcaa0,
0x0000021bd98bff20, 0x0000021bd98c05b0, 0x0000021bd98bd130, 0x0000021bd98c0c40,
0x0000021bd98bd7c0, 0x0000021bd98c12d0, 0x0000021bd98c1ff0, 0x0000021bd98c2680,
0x0000021bd8a57cf0, 0x0000021bd8a55c20, 0x0000021bd8a54f00
}

Java Threads: ( => current thread )
  0x0000021b9bb4c710 JavaThread "main"                              [_thread_blocked, id=30008, stack(0x00000068bf400000,0x00000068bf500000) (1024K)]
  0x0000021bb8b3aa30 JavaThread "Reference Handler"          daemon [_thread_blocked, id=19388, stack(0x00000068bfc00000,0x00000068bfd00000) (1024K)]
  0x0000021bb8b3b590 JavaThread "Finalizer"                  daemon [_thread_blocked, id=3596, stack(0x00000068bfd00000,0x00000068bfe00000) (1024K)]
  0x0000021bb8b3d8d0 JavaThread "Signal Dispatcher"          daemon [_thread_blocked, id=5868, stack(0x00000068bfe00000,0x00000068bff00000) (1024K)]
  0x0000021bb8b3e590 JavaThread "Attach Listener"            daemon [_thread_blocked, id=7416, stack(0x00000068bff00000,0x00000068c0000000) (1024K)]
  0x0000021bd200e4b0 JavaThread "Service Thread"             daemon [_thread_blocked, id=21556, stack(0x00000068c0000000,0x00000068c0100000) (1024K)]
  0x0000021bd200f040 JavaThread "Monitor Deflation Thread"   daemon [_thread_blocked, id=9248, stack(0x00000068c0100000,0x00000068c0200000) (1024K)]
=>0x0000021bd2011de0 JavaThread "C2 CompilerThread0"         daemon [_thread_in_native, id=25844, stack(0x00000068c0200000,0x00000068c0300000) (1024K)]
  0x0000021bd2018030 JavaThread "C1 CompilerThread0"         daemon [_thread_blocked, id=3340, stack(0x00000068c0300000,0x00000068c0400000) (1024K)]
  0x0000021bd22211f0 JavaThread "Common-Cleaner"             daemon [_thread_blocked, id=15528, stack(0x00000068c0400000,0x00000068c0500000) (1024K)]
  0x0000021bd2298260 JavaThread "Notification Thread"        daemon [_thread_blocked, id=19084, stack(0x00000068c0500000,0x00000068c0600000) (1024K)]
  0x0000021bd3426100 JavaThread "Daemon health stats"               [_thread_blocked, id=7356, stack(0x00000068c0d00000,0x00000068c0e00000) (1024K)]
  0x0000021bd44ba2a0 JavaThread "Incoming local TCP Connector on port 53206"        [_thread_in_native, id=9624, stack(0x00000068c0700000,0x00000068c0800000) (1024K)]
  0x0000021bd43fe2b0 JavaThread "Daemon periodic checks"            [_thread_blocked, id=3820, stack(0x00000068c0e00000,0x00000068c0f00000) (1024K)]
  0x0000021bd436d440 JavaThread "Cache worker for journal cache (C:\Users\Hype\.gradle\caches\journal-1)"        [_thread_blocked, id=6044, stack(0x00000068c1600000,0x00000068c1700000) (1024K)]
  0x0000021bd436f510 JavaThread "File lock request listener"        [_thread_in_native, id=24964, stack(0x00000068c1700000,0x00000068c1800000) (1024K)]
  0x0000021bd436dad0 JavaThread "Cache worker for file hash cache (C:\Users\Hype\.gradle\caches\9.6.0\fileHashes)"        [_thread_blocked, id=19272, stack(0x00000068c1800000,0x00000068c1900000) (1024K)]
  0x0000021bd8a56fd0 JavaThread "File watcher server"        daemon [_thread_in_native, id=25508, stack(0x00000068c2200000,0x00000068c2300000) (1024K)]
  0x0000021bd8a57660 JavaThread "File watcher consumer"      daemon [_thread_blocked, id=30440, stack(0x00000068c2300000,0x00000068c2400000) (1024K)]
  0x0000021bd8a541e0 JavaThread "Cache worker for file content cache (C:\Users\Hype\.gradle\caches\9.6.0\fileContent)"        [_thread_blocked, id=4452, stack(0x00000068c2400000,0x00000068c2500000) (1024K)]
  0x0000021bd8a58380 JavaThread "jar transforms"                    [_thread_blocked, id=22692, stack(0x00000068c2800000,0x00000068c2900000) (1024K)]
  0x0000021bd8a58a10 JavaThread "jar transforms Thread 2"           [_thread_blocked, id=21480, stack(0x00000068c2900000,0x00000068c2a00000) (1024K)]
  0x0000021bd8a55590 JavaThread "jar transforms Thread 3"           [_thread_blocked, id=10280, stack(0x00000068c2a00000,0x00000068c2b00000) (1024K)]
  0x0000021bd8b83ad0 JavaThread "jar transforms Thread 4"           [_thread_blocked, id=25024, stack(0x00000068c3700000,0x00000068c3800000) (1024K)]
  0x0000021bd8b84160 JavaThread "jar transforms Thread 5"           [_thread_blocked, id=16136, stack(0x00000068c3800000,0x00000068c3900000) (1024K)]
  0x0000021bd8b81370 JavaThread "jar transforms Thread 6"           [_thread_blocked, id=18160, stack(0x00000068c3900000,0x00000068c3a00000) (1024K)]
  0x0000021bd8b847f0 JavaThread "jar transforms Thread 7"           [_thread_blocked, id=2400, stack(0x00000068c3a00000,0x00000068c3b00000) (1024K)]
  0x0000021bd8b81a00 JavaThread "jar transforms Thread 8"           [_thread_blocked, id=5164, stack(0x00000068c3b00000,0x00000068c3c00000) (1024K)]
  0x0000021bd8b84e80 JavaThread "jar transforms Thread 9"           [_thread_blocked, id=9096, stack(0x00000068c3c00000,0x00000068c3d00000) (1024K)]
  0x0000021bd8b82720 JavaThread "jar transforms Thread 10"          [_thread_blocked, id=19880, stack(0x00000068c3d00000,0x00000068c3e00000) (1024K)]
  0x0000021bd8b875e0 JavaThread "jar transforms Thread 11"          [_thread_blocked, id=7584, stack(0x00000068c3e00000,0x00000068c3f00000) (1024K)]
  0x0000021bd8b85510 JavaThread "jar transforms Thread 12"          [_thread_blocked, id=26488, stack(0x00000068c3f00000,0x00000068c4000000) (1024K)]
  0x0000021bd8b85ba0 JavaThread "Memory manager"                    [_thread_blocked, id=28720, stack(0x00000068c4000000,0x00000068c4100000) (1024K)]
  0x0000021bd98c1960 JavaThread "Cache worker for Java compile cache (C:\Users\Hype\.gradle\caches\9.6.0\javaCompile)"        [_thread_blocked, id=28756, stack(0x00000068c4e00000,0x00000068c4f00000) (1024K)]
  0x0000021bd6777eb0 JavaThread "Daemon Thread 5"                   [_thread_blocked, id=27200, stack(0x00000068bf100000,0x00000068bf200000) (1024K)]
  0x0000021bd6777820 JavaThread "Daemon worker Thread 4"            [_thread_blocked, id=30416, stack(0x00000068bf200000,0x00000068bf300000) (1024K)]
  0x0000021bd8a5b800 JavaThread "Exec process Thread 13"            [_thread_in_native, id=13716, stack(0x00000068c4c00000,0x00000068c4d00000) (1024K)]
  0x0000021bd8b80650 JavaThread "Exec process Thread 14"            [_thread_blocked, id=6268, stack(0x00000068c4f00000,0x00000068c5000000) (1024K)]
  0x0000021bd8b82090 JavaThread "Exec process Thread 15"            [_thread_in_native, id=19016, stack(0x00000068c5000000,0x00000068c5100000) (1024K)]
  0x0000021bd8b80ce0 JavaThread "Exec process Thread 16"            [_thread_in_native, id=25352, stack(0x00000068c5100000,0x00000068c5200000) (1024K)]
  0x0000021bd8b82db0 JavaThread "VFS cleanup Thread 4"              [_thread_blocked, id=7380, stack(0x00000068c1100000,0x00000068c1200000) (1024K)]
  0x0000021bd436e160 JavaThread "Handler for socket connection from /127.0.0.1:53206 to /127.0.0.1:65122"        [_thread_in_native, id=18596, stack(0x00000068bf300000,0x00000068bf400000) (1024K)]
  0x0000021bd436fba0 JavaThread "Cancel handler"                    [_thread_blocked, id=20048, stack(0x00000068c0f00000,0x00000068c1000000) (1024K)]
  0x0000021bd4370230 JavaThread "Asynchronous log dispatcher for DefaultDaemonConnection: socket connection from /127.0.0.1:53206 to /127.0.0.1:65122"        [_thread_blocked, id=25120, stack(0x00000068c1000000,0x00000068c1100000) (1024K)]
  0x0000021bd6776470 JavaThread "Stdin handler"                     [_thread_blocked, id=6816, stack(0x00000068c1200000,0x00000068c1300000) (1024K)]
  0x0000021bd6777190 JavaThread "Daemon client event forwarder"        [_thread_blocked, id=2860, stack(0x00000068c1300000,0x00000068c1400000) (1024K)]
  0x0000021bd6778540 JavaThread "Cache worker for file hash cache (E:\data\java\day21\New folder\soal3\.gradle\9.6.0\fileHashes)"        [_thread_blocked, id=3680, stack(0x00000068c1400000,0x00000068c1500000) (1024K)]
  0x0000021bd6778bd0 JavaThread "Cache worker for Build Output Cleanup Cache (E:\data\java\day21\New folder\soal3\.gradle\buildOutputCleanup)"        [_thread_blocked, id=18144, stack(0x00000068c1500000,0x00000068c1600000) (1024K)]
  0x0000021bd6775750 JavaThread "Cache worker for checksums cache (E:\data\java\day21\New folder\soal3\.gradle\9.6.0\checksums)"        [_thread_blocked, id=5488, stack(0x00000068c1f00000,0x00000068c2000000) (1024K)]
  0x0000021bd6779260 JavaThread "Cache worker for cache directory md-supplier (C:\Users\Hype\.gradle\caches\9.6.0\md-supplier)"        [_thread_blocked, id=28980, stack(0x00000068c2000000,0x00000068c2100000) (1024K)]
  0x0000021bd6775de0 JavaThread "Cache worker for cache directory md-rule (C:\Users\Hype\.gradle\caches\9.6.0\md-rule)"        [_thread_blocked, id=5172, stack(0x00000068c2100000,0x00000068c2200000) (1024K)]
  0x0000021bd677c050 JavaThread "Build operations"                  [_thread_blocked, id=26088, stack(0x00000068c2500000,0x00000068c2600000) (1024K)]
  0x0000021bd6779f80 JavaThread "Build operations Thread 2"         [_thread_blocked, id=4576, stack(0x00000068c2600000,0x00000068c2700000) (1024K)]
  0x0000021bd677cd70 JavaThread "Build operations Thread 3"         [_thread_blocked, id=27068, stack(0x00000068c2700000,0x00000068c2800000) (1024K)]
  0x0000021bd677aca0 JavaThread "Build operations Thread 4"         [_thread_blocked, id=11524, stack(0x00000068c2b00000,0x00000068c2c00000) (1024K)]
  0x0000021bd677b330 JavaThread "Build operations Thread 5"         [_thread_blocked, id=4996, stack(0x00000068c2c00000,0x00000068c2d00000) (1024K)]
  0x0000021bd677b9c0 JavaThread "Build operations Thread 6"         [_thread_blocked, id=30584, stack(0x00000068c2d00000,0x00000068c2e00000) (1024K)]
  0x0000021bd92c6920 JavaThread "C2 CompilerThread1"         daemon [_thread_blocked, id=23192, stack(0x00000068c2e00000,0x00000068c2f00000) (1024K)]
  0x0000021bd677c6e0 JavaThread "Build operations Thread 7"         [_thread_blocked, id=29248, stack(0x00000068c2f00000,0x00000068c3000000) (1024K)]
  0x0000021bd67798f0 JavaThread "Build operations Thread 8"         [_thread_blocked, id=16440, stack(0x00000068c3000000,0x00000068c3100000) (1024K)]
  0x0000021bd98bb060 JavaThread "Build operations Thread 9"         [_thread_blocked, id=17792, stack(0x00000068c3100000,0x00000068c3200000) (1024K)]
  0x0000021bd98bde50 JavaThread "Build operations Thread 10"        [_thread_blocked, id=19604, stack(0x00000068c3200000,0x00000068c3300000) (1024K)]
  0x0000021bd98beb70 JavaThread "Build operations Thread 11"        [_thread_blocked, id=30300, stack(0x00000068c3300000,0x00000068c3400000) (1024K)]
  0x0000021bd98bbd80 JavaThread "Build operations Thread 12"        [_thread_blocked, id=6280, stack(0x00000068c3400000,0x00000068c3500000) (1024K)]
  0x0000021bd6713b10 JavaThread "C2 CompilerThread2"         daemon [_thread_blocked, id=28364, stack(0x00000068c3500000,0x00000068c3600000) (1024K)]
  0x0000021bd98bb6f0 JavaThread "included builds"                   [_thread_blocked, id=24716, stack(0x00000068c3600000,0x00000068c3700000) (1024K)]
  0x0000021bd98bf890 JavaThread "Execution worker"                  [_thread_blocked, id=26724, stack(0x00000068c4100000,0x00000068c4200000) (1024K)]
  0x0000021bd98bcaa0 JavaThread "Execution worker Thread 2"         [_thread_blocked, id=9008, stack(0x00000068c4200000,0x00000068c4300000) (1024K)]
  0x0000021bd98bff20 JavaThread "Execution worker Thread 3"         [_thread_blocked, id=28844, stack(0x00000068c4300000,0x00000068c4400000) (1024K)]
  0x0000021bd98c05b0 JavaThread "Execution worker Thread 4"         [_thread_blocked, id=27872, stack(0x00000068c4400000,0x00000068c4500000) (1024K)]
  0x0000021bd98bd130 JavaThread "Execution worker Thread 5"         [_thread_blocked, id=19868, stack(0x00000068c4500000,0x00000068c4600000) (1024K)]
  0x0000021bd98c0c40 JavaThread "Execution worker Thread 6"         [_thread_blocked, id=23680, stack(0x00000068c4600000,0x00000068c4700000) (1024K)]
  0x0000021bd98bd7c0 JavaThread "Execution worker Thread 7"         [_thread_blocked, id=22964, stack(0x00000068c4700000,0x00000068c4800000) (1024K)]
  0x0000021bd98c12d0 JavaThread "Execution worker Thread 8"         [_thread_blocked, id=18140, stack(0x00000068c4800000,0x00000068c4900000) (1024K)]
  0x0000021bd98c1ff0 JavaThread "Execution worker Thread 9"         [_thread_blocked, id=22168, stack(0x00000068c4900000,0x00000068c4a00000) (1024K)]
  0x0000021bd98c2680 JavaThread "Execution worker Thread 10"        [_thread_blocked, id=25592, stack(0x00000068c4a00000,0x00000068c4b00000) (1024K)]
  0x0000021bd8a57cf0 JavaThread "Execution worker Thread 11"        [_thread_blocked, id=2704, stack(0x00000068c4b00000,0x00000068c4c00000) (1024K)]
  0x0000021bd8a55c20 JavaThread "Cache worker for execution history cache (E:\data\java\day21\New folder\soal3\.gradle\9.6.0\executionHistory)"        [_thread_blocked, id=13412, stack(0x00000068c4d00000,0x00000068c4e00000) (1024K)]
  0x0000021bd8a54f00 JavaThread "DisconnectableInputStream source reader" daemon [_thread_blocked, id=24436, stack(0x00000068c5200000,0x00000068c5300000) (1024K)]
Total: 79

Other Threads:
  0x0000021bb8b227a0 VMThread "VM Thread"                           [id=8332, stack(0x00000068bfb00000,0x00000068bfc00000) (1024K)]
  0x0000021bb8b15090 WatcherThread "VM Periodic Task Thread"        [id=28120, stack(0x00000068bfa00000,0x00000068bfb00000) (1024K)]
  0x0000021b9bb79b20 WorkerThread "GC Thread#0"                     [id=22064, stack(0x00000068bf500000,0x00000068bf600000) (1024K)]
  0x0000021bd3187c90 WorkerThread "GC Thread#1"                     [id=27604, stack(0x00000068c0800000,0x00000068c0900000) (1024K)]
  0x0000021bd30ef3d0 WorkerThread "GC Thread#2"                     [id=28288, stack(0x00000068c0900000,0x00000068c0a00000) (1024K)]
  0x0000021bd27bf6b0 WorkerThread "GC Thread#3"                     [id=20972, stack(0x00000068c0a00000,0x00000068c0b00000) (1024K)]
  0x0000021bd29144a0 WorkerThread "GC Thread#4"                     [id=23472, stack(0x00000068c0b00000,0x00000068c0c00000) (1024K)]
  0x0000021bd29cf640 WorkerThread "GC Thread#5"                     [id=11596, stack(0x00000068c0c00000,0x00000068c0d00000) (1024K)]
  0x0000021bd454f860 WorkerThread "GC Thread#6"                     [id=3184, stack(0x00000068c1900000,0x00000068c1a00000) (1024K)]
  0x0000021bd454e9a0 WorkerThread "GC Thread#7"                     [id=17344, stack(0x00000068c1a00000,0x00000068c1b00000) (1024K)]
  0x0000021bd454fc10 WorkerThread "GC Thread#8"                     [id=3052, stack(0x00000068c1b00000,0x00000068c1c00000) (1024K)]
  0x0000021bd454ffc0 WorkerThread "GC Thread#9"                     [id=10900, stack(0x00000068c1c00000,0x00000068c1d00000) (1024K)]
  0x0000021b9bb7ea20 ConcurrentGCThread "G1 Main Marker"            [id=24440, stack(0x00000068bf600000,0x00000068bf700000) (1024K)]
  0x0000021b9bb802c0 WorkerThread "G1 Conc#0"                       [id=5188, stack(0x00000068bf700000,0x00000068bf800000) (1024K)]
  0x0000021bd54f7c80 WorkerThread "G1 Conc#1"                       [id=20472, stack(0x00000068c1d00000,0x00000068c1e00000) (1024K)]
  0x0000021bd54fb3d0 WorkerThread "G1 Conc#2"                       [id=3328, stack(0x00000068c1e00000,0x00000068c1f00000) (1024K)]
  0x0000021bb89dea40 ConcurrentGCThread "G1 Refine#0"               [id=20268, stack(0x00000068bf800000,0x00000068bf900000) (1024K)]
  0x0000021bb89e0380 ConcurrentGCThread "G1 Service"                [id=14172, stack(0x00000068bf900000,0x00000068bfa00000) (1024K)]
Total: 18

Threads with active compile tasks:
C2 CompilerThread0  1150871 14071       4       org.gradle.internal.fingerprint.impl.DefaultCurrentFileCollectionFingerprint::from (96 bytes)
Total: 1

VM state: not at safepoint (normal execution)

VM Mutex/Monitor currently owned by a thread: None

Heap address: 0x00000000e0000000, size: 512 MB, Compressed Oops mode: 32-bit

CDS archive(s) mapped at: [0x0000021bb9000000-0x0000021bb9c90000-0x0000021bb9c90000), size 13172736, SharedBaseAddress: 0x0000021bb9000000, ArchiveRelocationMode: 1.
Compressed class space mapped at: 0x0000021bba000000-0x0000021bce000000, reserved size: 335544320
Narrow klass base: 0x0000021bb9000000, Narrow klass shift: 0, Narrow klass range: 0x100000000

GC Precious Log:
 CardTable entry size: 512
 Card Set container configuration: InlinePtr #cards 5 size 8 Array Of Cards #cards 12 size 40 Howl #buckets 4 coarsen threshold 1843 Howl Bitmap #cards 512 size 80 coarsen threshold 460 Card regions per heap region 1 cards per card region 2048
 CPUs: 12 total, 12 available
 Memory: 15772M
 Large Page Support: Disabled
 NUMA Support: Disabled
 Compressed Oops: Enabled (32-bit)
 Heap Region Size: 1M
 Heap Min Capacity: 256M
 Heap Initial Capacity: 256M
 Heap Max Capacity: 512M
 Pre-touch: Disabled
 Parallel Workers: 10
 Concurrent Workers: 3
 Concurrent Refinement Workers: 10
 Periodic GC: Disabled

Heap:
 garbage-first heap   total 262144K, used 126678K [0x00000000e0000000, 0x0000000100000000)
  region size 1024K, 72 young (73728K), 15 survivors (15360K)
 Metaspace       used 78769K, committed 81280K, reserved 458752K
  class space    used 10982K, committed 12224K, reserved 327680K

Heap Regions: E=young(eden), S=young(survivor), O=old, HS=humongous(starts), HC=humongous(continues), CS=collection set, F=free, TAMS=top-at-mark-start, PB=parsable bottom
|   0|0x00000000e0000000, 0x00000000e0100000, 0x00000000e0100000|100%|HS|  |TAMS 0x00000000e0000000| PB 0x00000000e0000000| Complete 
|   1|0x00000000e0100000, 0x00000000e0200000, 0x00000000e0200000|100%|HC|  |TAMS 0x00000000e0100000| PB 0x00000000e0100000| Complete 
|   2|0x00000000e0200000, 0x00000000e0300000, 0x00000000e0300000|100%|HC|  |TAMS 0x00000000e0200000| PB 0x00000000e0200000| Complete 
|   3|0x00000000e0300000, 0x00000000e0400000, 0x00000000e0400000|100%|HC|  |TAMS 0x00000000e0300000| PB 0x00000000e0300000| Complete 
|   4|0x00000000e0400000, 0x00000000e0500000, 0x00000000e0500000|100%| O|  |TAMS 0x00000000e0400000| PB 0x00000000e0400000| Untracked 
|   5|0x00000000e0500000, 0x00000000e0600000, 0x00000000e0600000|100%| O|  |TAMS 0x00000000e0500000| PB 0x00000000e0500000| Untracked 
|   6|0x00000000e0600000, 0x00000000e0700000, 0x00000000e0700000|100%| O|  |TAMS 0x00000000e0600000| PB 0x00000000e0600000| Untracked 
|   7|0x00000000e0700000, 0x00000000e0800000, 0x00000000e0800000|100%| O|  |TAMS 0x00000000e0700000| PB 0x00000000e0700000| Untracked 
|   8|0x00000000e0800000, 0x00000000e0900000, 0x00000000e0900000|100%|HS|  |TAMS 0x00000000e0800000| PB 0x00000000e0800000| Complete 
|   9|0x00000000e0900000, 0x00000000e0a00000, 0x00000000e0a00000|100%| O|  |TAMS 0x00000000e0900000| PB 0x00000000e0900000| Untracked 
|  10|0x00000000e0a00000, 0x00000000e0b00000, 0x00000000e0b00000|100%| O|  |TAMS 0x00000000e0a00000| PB 0x00000000e0a00000| Untracked 
|  11|0x00000000e0b00000, 0x00000000e0c00000, 0x00000000e0c00000|100%| O|  |TAMS 0x00000000e0b00000| PB 0x00000000e0b00000| Untracked 
|  12|0x00000000e0c00000, 0x00000000e0d00000, 0x00000000e0d00000|100%| O|  |TAMS 0x00000000e0c00000| PB 0x00000000e0c00000| Untracked 
|  13|0x00000000e0d00000, 0x00000000e0e00000, 0x00000000e0e00000|100%| O|  |TAMS 0x00000000e0d00000| PB 0x00000000e0d00000| Untracked 
|  14|0x00000000e0e00000, 0x00000000e0f00000, 0x00000000e0f00000|100%| O|  |TAMS 0x00000000e0e00000| PB 0x00000000e0e00000| Untracked 
|  15|0x00000000e0f00000, 0x00000000e1000000, 0x00000000e1000000|100%| O|  |TAMS 0x00000000e0f00000| PB 0x00000000e0f00000| Untracked 
|  16|0x00000000e1000000, 0x00000000e1100000, 0x00000000e1100000|100%| O|  |TAMS 0x00000000e1000000| PB 0x00000000e1000000| Untracked 
|  17|0x00000000e1100000, 0x00000000e1200000, 0x00000000e1200000|100%| O|  |TAMS 0x00000000e1100000| PB 0x00000000e1100000| Untracked 
|  18|0x00000000e1200000, 0x00000000e1300000, 0x00000000e1300000|100%| O|  |TAMS 0x00000000e1200000| PB 0x00000000e1200000| Untracked 
|  19|0x00000000e1300000, 0x00000000e1400000, 0x00000000e1400000|100%| O|  |TAMS 0x00000000e1300000| PB 0x00000000e1300000| Untracked 
|  20|0x00000000e1400000, 0x00000000e1500000, 0x00000000e1500000|100%| O|  |TAMS 0x00000000e1400000| PB 0x00000000e1400000| Untracked 
|  21|0x00000000e1500000, 0x00000000e1600000, 0x00000000e1600000|100%| O|  |TAMS 0x00000000e1500000| PB 0x00000000e1500000| Untracked 
|  22|0x00000000e1600000, 0x00000000e1700000, 0x00000000e1700000|100%|HS|  |TAMS 0x00000000e1600000| PB 0x00000000e1600000| Complete 
|  23|0x00000000e1700000, 0x00000000e1800000, 0x00000000e1800000|100%| O|  |TAMS 0x00000000e1700000| PB 0x00000000e1700000| Untracked 
|  24|0x00000000e1800000, 0x00000000e1900000, 0x00000000e1900000|100%| O|  |TAMS 0x00000000e1800000| PB 0x00000000e1800000| Untracked 
|  25|0x00000000e1900000, 0x00000000e1a00000, 0x00000000e1a00000|100%| O|  |TAMS 0x00000000e1900000| PB 0x00000000e1900000| Untracked 
|  26|0x00000000e1a00000, 0x00000000e1b00000, 0x00000000e1b00000|100%| O|  |TAMS 0x00000000e1a00000| PB 0x00000000e1a00000| Untracked 
|  27|0x00000000e1b00000, 0x00000000e1c00000, 0x00000000e1c00000|100%| O|  |TAMS 0x00000000e1b00000| PB 0x00000000e1b00000| Untracked 
|  28|0x00000000e1c00000, 0x00000000e1d00000, 0x00000000e1d00000|100%| O|  |TAMS 0x00000000e1c00000| PB 0x00000000e1c00000| Untracked 
|  29|0x00000000e1d00000, 0x00000000e1e00000, 0x00000000e1e00000|100%| O|  |TAMS 0x00000000e1d00000| PB 0x00000000e1d00000| Untracked 
|  30|0x00000000e1e00000, 0x00000000e1f00000, 0x00000000e1f00000|100%| O|  |TAMS 0x00000000e1e00000| PB 0x00000000e1e00000| Untracked 
|  31|0x00000000e1f00000, 0x00000000e2000000, 0x00000000e2000000|100%| O|  |TAMS 0x00000000e1f00000| PB 0x00000000e1f00000| Untracked 
|  32|0x00000000e2000000, 0x00000000e2100000, 0x00000000e2100000|100%| O|  |TAMS 0x00000000e2000000| PB 0x00000000e2000000| Untracked 
|  33|0x00000000e2100000, 0x00000000e2200000, 0x00000000e2200000|100%| O|  |TAMS 0x00000000e2100000| PB 0x00000000e2100000| Untracked 
|  34|0x00000000e2200000, 0x00000000e2300000, 0x00000000e2300000|100%| O|  |TAMS 0x00000000e2200000| PB 0x00000000e2200000| Untracked 
|  35|0x00000000e2300000, 0x00000000e2400000, 0x00000000e2400000|100%| O|  |TAMS 0x00000000e2300000| PB 0x00000000e2300000| Untracked 
|  36|0x00000000e2400000, 0x00000000e2500000, 0x00000000e2500000|100%| O|  |TAMS 0x00000000e2400000| PB 0x00000000e2400000| Untracked 
|  37|0x00000000e2500000, 0x00000000e2600000, 0x00000000e2600000|100%| O|  |TAMS 0x00000000e2500000| PB 0x00000000e2500000| Untracked 
|  38|0x00000000e2600000, 0x00000000e2700000, 0x00000000e2700000|100%| O|  |TAMS 0x00000000e2600000| PB 0x00000000e2600000| Untracked 
|  39|0x00000000e2700000, 0x00000000e2800000, 0x00000000e2800000|100%| O|  |TAMS 0x00000000e2700000| PB 0x00000000e2700000| Untracked 
|  40|0x00000000e2800000, 0x00000000e2900000, 0x00000000e2900000|100%| O|  |TAMS 0x00000000e2800000| PB 0x00000000e2800000| Untracked 
|  41|0x00000000e2900000, 0x00000000e2a00000, 0x00000000e2a00000|100%| O|  |TAMS 0x00000000e2900000| PB 0x00000000e2900000| Untracked 
|  42|0x00000000e2a00000, 0x00000000e2a00000, 0x00000000e2b00000|  0%| F|  |TAMS 0x00000000e2a00000| PB 0x00000000e2a00000| Untracked 
|  43|0x00000000e2b00000, 0x00000000e2c00000, 0x00000000e2c00000|100%| O|  |TAMS 0x00000000e2b00000| PB 0x00000000e2b00000| Untracked 
|  44|0x00000000e2c00000, 0x00000000e2d00000, 0x00000000e2d00000|100%| O|  |TAMS 0x00000000e2c00000| PB 0x00000000e2c00000| Untracked 
|  45|0x00000000e2d00000, 0x00000000e2e00000, 0x00000000e2e00000|100%| O|  |TAMS 0x00000000e2d00000| PB 0x00000000e2d00000| Untracked 
|  46|0x00000000e2e00000, 0x00000000e2f00000, 0x00000000e2f00000|100%| O|  |TAMS 0x00000000e2e00000| PB 0x00000000e2e00000| Untracked 
|  47|0x00000000e2f00000, 0x00000000e3000000, 0x00000000e3000000|100%| O|  |TAMS 0x00000000e2f00000| PB 0x00000000e2f00000| Untracked 
|  48|0x00000000e3000000, 0x00000000e3100000, 0x00000000e3100000|100%| O|  |TAMS 0x00000000e3000000| PB 0x00000000e3000000| Untracked 
|  49|0x00000000e3100000, 0x00000000e3200000, 0x00000000e3200000|100%| O|  |TAMS 0x00000000e3100000| PB 0x00000000e3100000| Untracked 
|  50|0x00000000e3200000, 0x00000000e3300000, 0x00000000e3300000|100%| O|  |TAMS 0x00000000e3200000| PB 0x00000000e3200000| Untracked 
|  51|0x00000000e3300000, 0x00000000e3400000, 0x00000000e3400000|100%| O|  |TAMS 0x00000000e3300000| PB 0x00000000e3300000| Untracked 
|  52|0x00000000e3400000, 0x00000000e3500000, 0x00000000e3500000|100%| O|  |TAMS 0x00000000e3400000| PB 0x00000000e3400000| Untracked 
|  53|0x00000000e3500000, 0x00000000e3600000, 0x00000000e3600000|100%| O|  |TAMS 0x00000000e3500000| PB 0x00000000e3500000| Untracked 
|  54|0x00000000e3600000, 0x00000000e3700000, 0x00000000e3700000|100%| O|  |TAMS 0x00000000e3600000| PB 0x00000000e3600000| Untracked 
|  55|0x00000000e3700000, 0x00000000e372c808, 0x00000000e3800000| 17%| O|  |TAMS 0x00000000e3700000| PB 0x00000000e3700000| Untracked 
|  56|0x00000000e3800000, 0x00000000e3800000, 0x00000000e3900000|  0%| F|  |TAMS 0x00000000e3800000| PB 0x00000000e3800000| Untracked 
|  57|0x00000000e3900000, 0x00000000e3900000, 0x00000000e3a00000|  0%| F|  |TAMS 0x00000000e3900000| PB 0x00000000e3900000| Untracked 
|  58|0x00000000e3a00000, 0x00000000e3a00000, 0x00000000e3b00000|  0%| F|  |TAMS 0x00000000e3a00000| PB 0x00000000e3a00000| Untracked 
|  59|0x00000000e3b00000, 0x00000000e3b00000, 0x00000000e3c00000|  0%| F|  |TAMS 0x00000000e3b00000| PB 0x00000000e3b00000| Untracked 
|  60|0x00000000e3c00000, 0x00000000e3c00000, 0x00000000e3d00000|  0%| F|  |TAMS 0x00000000e3c00000| PB 0x00000000e3c00000| Untracked 
|  61|0x00000000e3d00000, 0x00000000e3d00000, 0x00000000e3e00000|  0%| F|  |TAMS 0x00000000e3d00000| PB 0x00000000e3d00000| Untracked 
|  62|0x00000000e3e00000, 0x00000000e3e00000, 0x00000000e3f00000|  0%| F|  |TAMS 0x00000000e3e00000| PB 0x00000000e3e00000| Untracked 
|  63|0x00000000e3f00000, 0x00000000e3f00000, 0x00000000e4000000|  0%| F|  |TAMS 0x00000000e3f00000| PB 0x00000000e3f00000| Untracked 
|  64|0x00000000e4000000, 0x00000000e4000000, 0x00000000e4100000|  0%| F|  |TAMS 0x00000000e4000000| PB 0x00000000e4000000| Untracked 
|  65|0x00000000e4100000, 0x00000000e4100000, 0x00000000e4200000|  0%| F|  |TAMS 0x00000000e4100000| PB 0x00000000e4100000| Untracked 
|  66|0x00000000e4200000, 0x00000000e4200000, 0x00000000e4300000|  0%| F|  |TAMS 0x00000000e4200000| PB 0x00000000e4200000| Untracked 
|  67|0x00000000e4300000, 0x00000000e4300000, 0x00000000e4400000|  0%| F|  |TAMS 0x00000000e4300000| PB 0x00000000e4300000| Untracked 
|  68|0x00000000e4400000, 0x00000000e4400000, 0x00000000e4500000|  0%| F|  |TAMS 0x00000000e4400000| PB 0x00000000e4400000| Untracked 
|  69|0x00000000e4500000, 0x00000000e4500000, 0x00000000e4600000|  0%| F|  |TAMS 0x00000000e4500000| PB 0x00000000e4500000| Untracked 
|  70|0x00000000e4600000, 0x00000000e4600000, 0x00000000e4700000|  0%| F|  |TAMS 0x00000000e4600000| PB 0x00000000e4600000| Untracked 
|  71|0x00000000e4700000, 0x00000000e4700000, 0x00000000e4800000|  0%| F|  |TAMS 0x00000000e4700000| PB 0x00000000e4700000| Untracked 
|  72|0x00000000e4800000, 0x00000000e4800000, 0x00000000e4900000|  0%| F|  |TAMS 0x00000000e4800000| PB 0x00000000e4800000| Untracked 
|  73|0x00000000e4900000, 0x00000000e4900000, 0x00000000e4a00000|  0%| F|  |TAMS 0x00000000e4900000| PB 0x00000000e4900000| Untracked 
|  74|0x00000000e4a00000, 0x00000000e4a00000, 0x00000000e4b00000|  0%| F|  |TAMS 0x00000000e4a00000| PB 0x00000000e4a00000| Untracked 
|  75|0x00000000e4b00000, 0x00000000e4b00000, 0x00000000e4c00000|  0%| F|  |TAMS 0x00000000e4b00000| PB 0x00000000e4b00000| Untracked 
|  76|0x00000000e4c00000, 0x00000000e4c00000, 0x00000000e4d00000|  0%| F|  |TAMS 0x00000000e4c00000| PB 0x00000000e4c00000| Untracked 
|  77|0x00000000e4d00000, 0x00000000e4d00000, 0x00000000e4e00000|  0%| F|  |TAMS 0x00000000e4d00000| PB 0x00000000e4d00000| Untracked 
|  78|0x00000000e4e00000, 0x00000000e4e00000, 0x00000000e4f00000|  0%| F|  |TAMS 0x00000000e4e00000| PB 0x00000000e4e00000| Untracked 
|  79|0x00000000e4f00000, 0x00000000e4f00000, 0x00000000e5000000|  0%| F|  |TAMS 0x00000000e4f00000| PB 0x00000000e4f00000| Untracked 
|  80|0x00000000e5000000, 0x00000000e5000000, 0x00000000e5100000|  0%| F|  |TAMS 0x00000000e5000000| PB 0x00000000e5000000| Untracked 
|  81|0x00000000e5100000, 0x00000000e5100000, 0x00000000e5200000|  0%| F|  |TAMS 0x00000000e5100000| PB 0x00000000e5100000| Untracked 
|  82|0x00000000e5200000, 0x00000000e5200000, 0x00000000e5300000|  0%| F|  |TAMS 0x00000000e5200000| PB 0x00000000e5200000| Untracked 
|  83|0x00000000e5300000, 0x00000000e5300000, 0x00000000e5400000|  0%| F|  |TAMS 0x00000000e5300000| PB 0x00000000e5300000| Untracked 
|  84|0x00000000e5400000, 0x00000000e5400000, 0x00000000e5500000|  0%| F|  |TAMS 0x00000000e5400000| PB 0x00000000e5400000| Untracked 
|  85|0x00000000e5500000, 0x00000000e5500000, 0x00000000e5600000|  0%| F|  |TAMS 0x00000000e5500000| PB 0x00000000e5500000| Untracked 
|  86|0x00000000e5600000, 0x00000000e5600000, 0x00000000e5700000|  0%| F|  |TAMS 0x00000000e5600000| PB 0x00000000e5600000| Untracked 
|  87|0x00000000e5700000, 0x00000000e5700000, 0x00000000e5800000|  0%| F|  |TAMS 0x00000000e5700000| PB 0x00000000e5700000| Untracked 
|  88|0x00000000e5800000, 0x00000000e58893c0, 0x00000000e5900000| 53%| S|CS|TAMS 0x00000000e5800000| PB 0x00000000e5800000| Complete 
|  89|0x00000000e5900000, 0x00000000e5a00000, 0x00000000e5a00000|100%| S|CS|TAMS 0x00000000e5900000| PB 0x00000000e5900000| Complete 
|  90|0x00000000e5a00000, 0x00000000e5b00000, 0x00000000e5b00000|100%| S|CS|TAMS 0x00000000e5a00000| PB 0x00000000e5a00000| Complete 
|  91|0x00000000e5b00000, 0x00000000e5c00000, 0x00000000e5c00000|100%| S|CS|TAMS 0x00000000e5b00000| PB 0x00000000e5b00000| Complete 
|  92|0x00000000e5c00000, 0x00000000e5d00000, 0x00000000e5d00000|100%| S|CS|TAMS 0x00000000e5c00000| PB 0x00000000e5c00000| Complete 
|  93|0x00000000e5d00000, 0x00000000e5e00000, 0x00000000e5e00000|100%| S|CS|TAMS 0x00000000e5d00000| PB 0x00000000e5d00000| Complete 
|  94|0x00000000e5e00000, 0x00000000e5e00000, 0x00000000e5f00000|  0%| F|  |TAMS 0x00000000e5e00000| PB 0x00000000e5e00000| Untracked 
|  95|0x00000000e5f00000, 0x00000000e5f00000, 0x00000000e6000000|  0%| F|  |TAMS 0x00000000e5f00000| PB 0x00000000e5f00000| Untracked 
|  96|0x00000000e6000000, 0x00000000e6000000, 0x00000000e6100000|  0%| F|  |TAMS 0x00000000e6000000| PB 0x00000000e6000000| Untracked 
|  97|0x00000000e6100000, 0x00000000e6100000, 0x00000000e6200000|  0%| F|  |TAMS 0x00000000e6100000| PB 0x00000000e6100000| Untracked 
|  98|0x00000000e6200000, 0x00000000e6200000, 0x00000000e6300000|  0%| F|  |TAMS 0x00000000e6200000| PB 0x00000000e6200000| Untracked 
|  99|0x00000000e6300000, 0x00000000e6300000, 0x00000000e6400000|  0%| F|  |TAMS 0x00000000e6300000| PB 0x00000000e6300000| Untracked 
| 100|0x00000000e6400000, 0x00000000e6400000, 0x00000000e6500000|  0%| F|  |TAMS 0x00000000e6400000| PB 0x00000000e6400000| Untracked 
| 101|0x00000000e6500000, 0x00000000e6500000, 0x00000000e6600000|  0%| F|  |TAMS 0x00000000e6500000| PB 0x00000000e6500000| Untracked 
| 102|0x00000000e6600000, 0x00000000e6600000, 0x00000000e6700000|  0%| F|  |TAMS 0x00000000e6600000| PB 0x00000000e6600000| Untracked 
| 103|0x00000000e6700000, 0x00000000e6800000, 0x00000000e6800000|100%| S|CS|TAMS 0x00000000e6700000| PB 0x00000000e6700000| Complete 
| 104|0x00000000e6800000, 0x00000000e6900000, 0x00000000e6900000|100%| S|CS|TAMS 0x00000000e6800000| PB 0x00000000e6800000| Complete 
| 105|0x00000000e6900000, 0x00000000e6a00000, 0x00000000e6a00000|100%| S|CS|TAMS 0x00000000e6900000| PB 0x00000000e6900000| Complete 
| 106|0x00000000e6a00000, 0x00000000e6b00000, 0x00000000e6b00000|100%| S|CS|TAMS 0x00000000e6a00000| PB 0x00000000e6a00000| Complete 
| 107|0x00000000e6b00000, 0x00000000e6c00000, 0x00000000e6c00000|100%| S|CS|TAMS 0x00000000e6b00000| PB 0x00000000e6b00000| Complete 
| 108|0x00000000e6c00000, 0x00000000e6d00000, 0x00000000e6d00000|100%| S|CS|TAMS 0x00000000e6c00000| PB 0x00000000e6c00000| Complete 
| 109|0x00000000e6d00000, 0x00000000e6e00000, 0x00000000e6e00000|100%| S|CS|TAMS 0x00000000e6d00000| PB 0x00000000e6d00000| Complete 
| 110|0x00000000e6e00000, 0x00000000e6f00000, 0x00000000e6f00000|100%| S|CS|TAMS 0x00000000e6e00000| PB 0x00000000e6e00000| Complete 
| 111|0x00000000e6f00000, 0x00000000e7000000, 0x00000000e7000000|100%| S|CS|TAMS 0x00000000e6f00000| PB 0x00000000e6f00000| Complete 
| 112|0x00000000e7000000, 0x00000000e7000000, 0x00000000e7100000|  0%| F|  |TAMS 0x00000000e7000000| PB 0x00000000e7000000| Untracked 
| 113|0x00000000e7100000, 0x00000000e7100000, 0x00000000e7200000|  0%| F|  |TAMS 0x00000000e7100000| PB 0x00000000e7100000| Untracked 
| 114|0x00000000e7200000, 0x00000000e7200000, 0x00000000e7300000|  0%| F|  |TAMS 0x00000000e7200000| PB 0x00000000e7200000| Untracked 
| 115|0x00000000e7300000, 0x00000000e7300000, 0x00000000e7400000|  0%| F|  |TAMS 0x00000000e7300000| PB 0x00000000e7300000| Untracked 
| 116|0x00000000e7400000, 0x00000000e7400000, 0x00000000e7500000|  0%| F|  |TAMS 0x00000000e7400000| PB 0x00000000e7400000| Untracked 
| 117|0x00000000e7500000, 0x00000000e7500000, 0x00000000e7600000|  0%| F|  |TAMS 0x00000000e7500000| PB 0x00000000e7500000| Untracked 
| 118|0x00000000e7600000, 0x00000000e7600000, 0x00000000e7700000|  0%| F|  |TAMS 0x00000000e7600000| PB 0x00000000e7600000| Untracked 
| 119|0x00000000e7700000, 0x00000000e7700000, 0x00000000e7800000|  0%| F|  |TAMS 0x00000000e7700000| PB 0x00000000e7700000| Untracked 
| 120|0x00000000e7800000, 0x00000000e7800000, 0x00000000e7900000|  0%| F|  |TAMS 0x00000000e7800000| PB 0x00000000e7800000| Untracked 
| 121|0x00000000e7900000, 0x00000000e7900000, 0x00000000e7a00000|  0%| F|  |TAMS 0x00000000e7900000| PB 0x00000000e7900000| Untracked 
| 122|0x00000000e7a00000, 0x00000000e7a00000, 0x00000000e7b00000|  0%| F|  |TAMS 0x00000000e7a00000| PB 0x00000000e7a00000| Untracked 
| 123|0x00000000e7b00000, 0x00000000e7b00000, 0x00000000e7c00000|  0%| F|  |TAMS 0x00000000e7b00000| PB 0x00000000e7b00000| Untracked 
| 124|0x00000000e7c00000, 0x00000000e7c00000, 0x00000000e7d00000|  0%| F|  |TAMS 0x00000000e7c00000| PB 0x00000000e7c00000| Untracked 
| 125|0x00000000e7d00000, 0x00000000e7d00000, 0x00000000e7e00000|  0%| F|  |TAMS 0x00000000e7d00000| PB 0x00000000e7d00000| Untracked 
| 126|0x00000000e7e00000, 0x00000000e7e00000, 0x00000000e7f00000|  0%| F|  |TAMS 0x00000000e7e00000| PB 0x00000000e7e00000| Untracked 
| 127|0x00000000e7f00000, 0x00000000e7f00000, 0x00000000e8000000|  0%| F|  |TAMS 0x00000000e7f00000| PB 0x00000000e7f00000| Untracked 
| 128|0x00000000e8000000, 0x00000000e8000000, 0x00000000e8100000|  0%| F|  |TAMS 0x00000000e8000000| PB 0x00000000e8000000| Untracked 
| 129|0x00000000e8100000, 0x00000000e8100000, 0x00000000e8200000|  0%| F|  |TAMS 0x00000000e8100000| PB 0x00000000e8100000| Untracked 
| 130|0x00000000e8200000, 0x00000000e8200000, 0x00000000e8300000|  0%| F|  |TAMS 0x00000000e8200000| PB 0x00000000e8200000| Untracked 
| 131|0x00000000e8300000, 0x00000000e8300000, 0x00000000e8400000|  0%| F|  |TAMS 0x00000000e8300000| PB 0x00000000e8300000| Untracked 
| 132|0x00000000e8400000, 0x00000000e8400000, 0x00000000e8500000|  0%| F|  |TAMS 0x00000000e8400000| PB 0x00000000e8400000| Untracked 
| 133|0x00000000e8500000, 0x00000000e8500000, 0x00000000e8600000|  0%| F|  |TAMS 0x00000000e8500000| PB 0x00000000e8500000| Untracked 
| 134|0x00000000e8600000, 0x00000000e8600000, 0x00000000e8700000|  0%| F|  |TAMS 0x00000000e8600000| PB 0x00000000e8600000| Untracked 
| 135|0x00000000e8700000, 0x00000000e8700000, 0x00000000e8800000|  0%| F|  |TAMS 0x00000000e8700000| PB 0x00000000e8700000| Untracked 
| 136|0x00000000e8800000, 0x00000000e8800000, 0x00000000e8900000|  0%| F|  |TAMS 0x00000000e8800000| PB 0x00000000e8800000| Untracked 
| 137|0x00000000e8900000, 0x00000000e8900000, 0x00000000e8a00000|  0%| F|  |TAMS 0x00000000e8900000| PB 0x00000000e8900000| Untracked 
| 138|0x00000000e8a00000, 0x00000000e8a00000, 0x00000000e8b00000|  0%| F|  |TAMS 0x00000000e8a00000| PB 0x00000000e8a00000| Untracked 
| 139|0x00000000e8b00000, 0x00000000e8b00000, 0x00000000e8c00000|  0%| F|  |TAMS 0x00000000e8b00000| PB 0x00000000e8b00000| Untracked 
| 140|0x00000000e8c00000, 0x00000000e8c00000, 0x00000000e8d00000|  0%| F|  |TAMS 0x00000000e8c00000| PB 0x00000000e8c00000| Untracked 
| 141|0x00000000e8d00000, 0x00000000e8d00000, 0x00000000e8e00000|  0%| F|  |TAMS 0x00000000e8d00000| PB 0x00000000e8d00000| Untracked 
| 142|0x00000000e8e00000, 0x00000000e8e00000, 0x00000000e8f00000|  0%| F|  |TAMS 0x00000000e8e00000| PB 0x00000000e8e00000| Untracked 
| 143|0x00000000e8f00000, 0x00000000e8f00000, 0x00000000e9000000|  0%| F|  |TAMS 0x00000000e8f00000| PB 0x00000000e8f00000| Untracked 
| 144|0x00000000e9000000, 0x00000000e9000000, 0x00000000e9100000|  0%| F|  |TAMS 0x00000000e9000000| PB 0x00000000e9000000| Untracked 
| 145|0x00000000e9100000, 0x00000000e9100000, 0x00000000e9200000|  0%| F|  |TAMS 0x00000000e9100000| PB 0x00000000e9100000| Untracked 
| 146|0x00000000e9200000, 0x00000000e9200000, 0x00000000e9300000|  0%| F|  |TAMS 0x00000000e9200000| PB 0x00000000e9200000| Untracked 
| 147|0x00000000e9300000, 0x00000000e9300000, 0x00000000e9400000|  0%| F|  |TAMS 0x00000000e9300000| PB 0x00000000e9300000| Untracked 
| 148|0x00000000e9400000, 0x00000000e9400000, 0x00000000e9500000|  0%| F|  |TAMS 0x00000000e9400000| PB 0x00000000e9400000| Untracked 
| 149|0x00000000e9500000, 0x00000000e9500000, 0x00000000e9600000|  0%| F|  |TAMS 0x00000000e9500000| PB 0x00000000e9500000| Untracked 
| 150|0x00000000e9600000, 0x00000000e9600000, 0x00000000e9700000|  0%| F|  |TAMS 0x00000000e9600000| PB 0x00000000e9600000| Untracked 
| 151|0x00000000e9700000, 0x00000000e9700000, 0x00000000e9800000|  0%| F|  |TAMS 0x00000000e9700000| PB 0x00000000e9700000| Untracked 
| 152|0x00000000e9800000, 0x00000000e9800000, 0x00000000e9900000|  0%| F|  |TAMS 0x00000000e9800000| PB 0x00000000e9800000| Untracked 
| 153|0x00000000e9900000, 0x00000000e9900000, 0x00000000e9a00000|  0%| F|  |TAMS 0x00000000e9900000| PB 0x00000000e9900000| Untracked 
| 154|0x00000000e9a00000, 0x00000000e9a00000, 0x00000000e9b00000|  0%| F|  |TAMS 0x00000000e9a00000| PB 0x00000000e9a00000| Untracked 
| 155|0x00000000e9b00000, 0x00000000e9b00000, 0x00000000e9c00000|  0%| F|  |TAMS 0x00000000e9b00000| PB 0x00000000e9b00000| Untracked 
| 156|0x00000000e9c00000, 0x00000000e9c00000, 0x00000000e9d00000|  0%| F|  |TAMS 0x00000000e9c00000| PB 0x00000000e9c00000| Untracked 
| 157|0x00000000e9d00000, 0x00000000e9d00000, 0x00000000e9e00000|  0%| F|  |TAMS 0x00000000e9d00000| PB 0x00000000e9d00000| Untracked 
| 158|0x00000000e9e00000, 0x00000000e9e00000, 0x00000000e9f00000|  0%| F|  |TAMS 0x00000000e9e00000| PB 0x00000000e9e00000| Untracked 
| 159|0x00000000e9f00000, 0x00000000e9f00000, 0x00000000ea000000|  0%| F|  |TAMS 0x00000000e9f00000| PB 0x00000000e9f00000| Untracked 
| 160|0x00000000ea000000, 0x00000000ea000000, 0x00000000ea100000|  0%| F|  |TAMS 0x00000000ea000000| PB 0x00000000ea000000| Untracked 
| 161|0x00000000ea100000, 0x00000000ea100000, 0x00000000ea200000|  0%| F|  |TAMS 0x00000000ea100000| PB 0x00000000ea100000| Untracked 
| 162|0x00000000ea200000, 0x00000000ea200000, 0x00000000ea300000|  0%| F|  |TAMS 0x00000000ea200000| PB 0x00000000ea200000| Untracked 
| 163|0x00000000ea300000, 0x00000000ea300000, 0x00000000ea400000|  0%| F|  |TAMS 0x00000000ea300000| PB 0x00000000ea300000| Untracked 
| 164|0x00000000ea400000, 0x00000000ea400000, 0x00000000ea500000|  0%| F|  |TAMS 0x00000000ea400000| PB 0x00000000ea400000| Untracked 
| 165|0x00000000ea500000, 0x00000000ea500000, 0x00000000ea600000|  0%| F|  |TAMS 0x00000000ea500000| PB 0x00000000ea500000| Untracked 
| 166|0x00000000ea600000, 0x00000000ea600000, 0x00000000ea700000|  0%| F|  |TAMS 0x00000000ea600000| PB 0x00000000ea600000| Untracked 
| 167|0x00000000ea700000, 0x00000000ea700000, 0x00000000ea800000|  0%| F|  |TAMS 0x00000000ea700000| PB 0x00000000ea700000| Untracked 
| 168|0x00000000ea800000, 0x00000000ea800000, 0x00000000ea900000|  0%| F|  |TAMS 0x00000000ea800000| PB 0x00000000ea800000| Untracked 
| 169|0x00000000ea900000, 0x00000000ea900000, 0x00000000eaa00000|  0%| F|  |TAMS 0x00000000ea900000| PB 0x00000000ea900000| Untracked 
| 170|0x00000000eaa00000, 0x00000000eaa00000, 0x00000000eab00000|  0%| F|  |TAMS 0x00000000eaa00000| PB 0x00000000eaa00000| Untracked 
| 171|0x00000000eab00000, 0x00000000eab00000, 0x00000000eac00000|  0%| F|  |TAMS 0x00000000eab00000| PB 0x00000000eab00000| Untracked 
| 172|0x00000000eac00000, 0x00000000eac00000, 0x00000000ead00000|  0%| F|  |TAMS 0x00000000eac00000| PB 0x00000000eac00000| Untracked 
| 173|0x00000000ead00000, 0x00000000ead00000, 0x00000000eae00000|  0%| F|  |TAMS 0x00000000ead00000| PB 0x00000000ead00000| Untracked 
| 174|0x00000000eae00000, 0x00000000eae00000, 0x00000000eaf00000|  0%| F|  |TAMS 0x00000000eae00000| PB 0x00000000eae00000| Untracked 
| 175|0x00000000eaf00000, 0x00000000eaf00000, 0x00000000eb000000|  0%| F|  |TAMS 0x00000000eaf00000| PB 0x00000000eaf00000| Untracked 
| 176|0x00000000eb000000, 0x00000000eb000000, 0x00000000eb100000|  0%| F|  |TAMS 0x00000000eb000000| PB 0x00000000eb000000| Untracked 
| 177|0x00000000eb100000, 0x00000000eb100000, 0x00000000eb200000|  0%| F|  |TAMS 0x00000000eb100000| PB 0x00000000eb100000| Untracked 
| 178|0x00000000eb200000, 0x00000000eb200000, 0x00000000eb300000|  0%| F|  |TAMS 0x00000000eb200000| PB 0x00000000eb200000| Untracked 
| 179|0x00000000eb300000, 0x00000000eb300000, 0x00000000eb400000|  0%| F|  |TAMS 0x00000000eb300000| PB 0x00000000eb300000| Untracked 
| 180|0x00000000eb400000, 0x00000000eb400000, 0x00000000eb500000|  0%| F|  |TAMS 0x00000000eb400000| PB 0x00000000eb400000| Untracked 
| 181|0x00000000eb500000, 0x00000000eb500000, 0x00000000eb600000|  0%| F|  |TAMS 0x00000000eb500000| PB 0x00000000eb500000| Untracked 
| 182|0x00000000eb600000, 0x00000000eb600000, 0x00000000eb700000|  0%| F|  |TAMS 0x00000000eb600000| PB 0x00000000eb600000| Untracked 
| 183|0x00000000eb700000, 0x00000000eb700000, 0x00000000eb800000|  0%| F|  |TAMS 0x00000000eb700000| PB 0x00000000eb700000| Untracked 
| 184|0x00000000eb800000, 0x00000000eb800000, 0x00000000eb900000|  0%| F|  |TAMS 0x00000000eb800000| PB 0x00000000eb800000| Untracked 
| 185|0x00000000eb900000, 0x00000000eb900000, 0x00000000eba00000|  0%| F|  |TAMS 0x00000000eb900000| PB 0x00000000eb900000| Untracked 
| 186|0x00000000eba00000, 0x00000000eba00000, 0x00000000ebb00000|  0%| F|  |TAMS 0x00000000eba00000| PB 0x00000000eba00000| Untracked 
| 187|0x00000000ebb00000, 0x00000000ebb00000, 0x00000000ebc00000|  0%| F|  |TAMS 0x00000000ebb00000| PB 0x00000000ebb00000| Untracked 
| 188|0x00000000ebc00000, 0x00000000ebc00000, 0x00000000ebd00000|  0%| F|  |TAMS 0x00000000ebc00000| PB 0x00000000ebc00000| Untracked 
| 189|0x00000000ebd00000, 0x00000000ebd00000, 0x00000000ebe00000|  0%| F|  |TAMS 0x00000000ebd00000| PB 0x00000000ebd00000| Untracked 
| 190|0x00000000ebe00000, 0x00000000ebe00000, 0x00000000ebf00000|  0%| F|  |TAMS 0x00000000ebe00000| PB 0x00000000ebe00000| Untracked 
| 191|0x00000000ebf00000, 0x00000000ebf00000, 0x00000000ec000000|  0%| F|  |TAMS 0x00000000ebf00000| PB 0x00000000ebf00000| Untracked 
| 192|0x00000000ec000000, 0x00000000ec000000, 0x00000000ec100000|  0%| F|  |TAMS 0x00000000ec000000| PB 0x00000000ec000000| Untracked 
| 193|0x00000000ec100000, 0x00000000ec100000, 0x00000000ec200000|  0%| F|  |TAMS 0x00000000ec100000| PB 0x00000000ec100000| Untracked 
| 194|0x00000000ec200000, 0x00000000ec200000, 0x00000000ec300000|  0%| F|  |TAMS 0x00000000ec200000| PB 0x00000000ec200000| Untracked 
| 195|0x00000000ec300000, 0x00000000ec300000, 0x00000000ec400000|  0%| F|  |TAMS 0x00000000ec300000| PB 0x00000000ec300000| Untracked 
| 196|0x00000000ec400000, 0x00000000ec400000, 0x00000000ec500000|  0%| F|  |TAMS 0x00000000ec400000| PB 0x00000000ec400000| Untracked 
| 197|0x00000000ec500000, 0x00000000ec500000, 0x00000000ec600000|  0%| F|  |TAMS 0x00000000ec500000| PB 0x00000000ec500000| Untracked 
| 198|0x00000000ec600000, 0x00000000ec600000, 0x00000000ec700000|  0%| F|  |TAMS 0x00000000ec600000| PB 0x00000000ec600000| Untracked 
| 199|0x00000000ec700000, 0x00000000ec77ac80, 0x00000000ec800000| 47%| E|  |TAMS 0x00000000ec700000| PB 0x00000000ec700000| Complete 
| 200|0x00000000ec800000, 0x00000000ec900000, 0x00000000ec900000|100%| E|CS|TAMS 0x00000000ec800000| PB 0x00000000ec800000| Complete 
| 201|0x00000000ec900000, 0x00000000eca00000, 0x00000000eca00000|100%| E|CS|TAMS 0x00000000ec900000| PB 0x00000000ec900000| Complete 
| 202|0x00000000eca00000, 0x00000000ecb00000, 0x00000000ecb00000|100%| E|CS|TAMS 0x00000000eca00000| PB 0x00000000eca00000| Complete 
| 203|0x00000000ecb00000, 0x00000000ecc00000, 0x00000000ecc00000|100%| E|CS|TAMS 0x00000000ecb00000| PB 0x00000000ecb00000| Complete 
| 204|0x00000000ecc00000, 0x00000000ecd00000, 0x00000000ecd00000|100%| E|CS|TAMS 0x00000000ecc00000| PB 0x00000000ecc00000| Complete 
| 205|0x00000000ecd00000, 0x00000000ece00000, 0x00000000ece00000|100%| E|CS|TAMS 0x00000000ecd00000| PB 0x00000000ecd00000| Complete 
| 206|0x00000000ece00000, 0x00000000ecf00000, 0x00000000ecf00000|100%| E|CS|TAMS 0x00000000ece00000| PB 0x00000000ece00000| Complete 
| 207|0x00000000ecf00000, 0x00000000ed000000, 0x00000000ed000000|100%| E|CS|TAMS 0x00000000ecf00000| PB 0x00000000ecf00000| Complete 
| 208|0x00000000ed000000, 0x00000000ed100000, 0x00000000ed100000|100%| E|CS|TAMS 0x00000000ed000000| PB 0x00000000ed000000| Complete 
| 209|0x00000000ed100000, 0x00000000ed200000, 0x00000000ed200000|100%| E|CS|TAMS 0x00000000ed100000| PB 0x00000000ed100000| Complete 
| 210|0x00000000ed200000, 0x00000000ed300000, 0x00000000ed300000|100%| E|CS|TAMS 0x00000000ed200000| PB 0x00000000ed200000| Complete 
| 211|0x00000000ed300000, 0x00000000ed400000, 0x00000000ed400000|100%| E|CS|TAMS 0x00000000ed300000| PB 0x00000000ed300000| Complete 
| 212|0x00000000ed400000, 0x00000000ed500000, 0x00000000ed500000|100%| E|CS|TAMS 0x00000000ed400000| PB 0x00000000ed400000| Complete 
| 213|0x00000000ed500000, 0x00000000ed600000, 0x00000000ed600000|100%| E|CS|TAMS 0x00000000ed500000| PB 0x00000000ed500000| Complete 
| 214|0x00000000ed600000, 0x00000000ed700000, 0x00000000ed700000|100%| E|CS|TAMS 0x00000000ed600000| PB 0x00000000ed600000| Complete 
| 215|0x00000000ed700000, 0x00000000ed800000, 0x00000000ed800000|100%| E|CS|TAMS 0x00000000ed700000| PB 0x00000000ed700000| Complete 
| 216|0x00000000ed800000, 0x00000000ed900000, 0x00000000ed900000|100%| E|CS|TAMS 0x00000000ed800000| PB 0x00000000ed800000| Complete 
| 217|0x00000000ed900000, 0x00000000eda00000, 0x00000000eda00000|100%| E|CS|TAMS 0x00000000ed900000| PB 0x00000000ed900000| Complete 
| 218|0x00000000eda00000, 0x00000000edb00000, 0x00000000edb00000|100%| E|CS|TAMS 0x00000000eda00000| PB 0x00000000eda00000| Complete 
| 219|0x00000000edb00000, 0x00000000edc00000, 0x00000000edc00000|100%| E|CS|TAMS 0x00000000edb00000| PB 0x00000000edb00000| Complete 
| 220|0x00000000edc00000, 0x00000000edd00000, 0x00000000edd00000|100%| E|CS|TAMS 0x00000000edc00000| PB 0x00000000edc00000| Complete 
| 221|0x00000000edd00000, 0x00000000ede00000, 0x00000000ede00000|100%| E|CS|TAMS 0x00000000edd00000| PB 0x00000000edd00000| Complete 
| 222|0x00000000ede00000, 0x00000000edf00000, 0x00000000edf00000|100%| E|CS|TAMS 0x00000000ede00000| PB 0x00000000ede00000| Complete 
| 223|0x00000000edf00000, 0x00000000ee000000, 0x00000000ee000000|100%| E|CS|TAMS 0x00000000edf00000| PB 0x00000000edf00000| Complete 
| 224|0x00000000ee000000, 0x00000000ee100000, 0x00000000ee100000|100%| E|CS|TAMS 0x00000000ee000000| PB 0x00000000ee000000| Complete 
| 225|0x00000000ee100000, 0x00000000ee200000, 0x00000000ee200000|100%| E|CS|TAMS 0x00000000ee100000| PB 0x00000000ee100000| Complete 
| 226|0x00000000ee200000, 0x00000000ee300000, 0x00000000ee300000|100%| E|CS|TAMS 0x00000000ee200000| PB 0x00000000ee200000| Complete 
| 227|0x00000000ee300000, 0x00000000ee400000, 0x00000000ee400000|100%| E|CS|TAMS 0x00000000ee300000| PB 0x00000000ee300000| Complete 
| 228|0x00000000ee400000, 0x00000000ee500000, 0x00000000ee500000|100%| E|CS|TAMS 0x00000000ee400000| PB 0x00000000ee400000| Complete 
| 229|0x00000000ee500000, 0x00000000ee600000, 0x00000000ee600000|100%| E|CS|TAMS 0x00000000ee500000| PB 0x00000000ee500000| Complete 
| 230|0x00000000ee600000, 0x00000000ee700000, 0x00000000ee700000|100%| E|CS|TAMS 0x00000000ee600000| PB 0x00000000ee600000| Complete 
| 231|0x00000000ee700000, 0x00000000ee800000, 0x00000000ee800000|100%| E|CS|TAMS 0x00000000ee700000| PB 0x00000000ee700000| Complete 
| 232|0x00000000ee800000, 0x00000000ee900000, 0x00000000ee900000|100%| E|CS|TAMS 0x00000000ee800000| PB 0x00000000ee800000| Complete 
| 233|0x00000000ee900000, 0x00000000eea00000, 0x00000000eea00000|100%| E|CS|TAMS 0x00000000ee900000| PB 0x00000000ee900000| Complete 
| 234|0x00000000eea00000, 0x00000000eeb00000, 0x00000000eeb00000|100%| E|CS|TAMS 0x00000000eea00000| PB 0x00000000eea00000| Complete 
| 235|0x00000000eeb00000, 0x00000000eec00000, 0x00000000eec00000|100%| E|CS|TAMS 0x00000000eeb00000| PB 0x00000000eeb00000| Complete 
| 236|0x00000000eec00000, 0x00000000eed00000, 0x00000000eed00000|100%| E|CS|TAMS 0x00000000eec00000| PB 0x00000000eec00000| Complete 
| 237|0x00000000eed00000, 0x00000000eee00000, 0x00000000eee00000|100%| E|CS|TAMS 0x00000000eed00000| PB 0x00000000eed00000| Complete 
| 238|0x00000000eee00000, 0x00000000eef00000, 0x00000000eef00000|100%| E|  |TAMS 0x00000000eee00000| PB 0x00000000eee00000| Complete 
| 239|0x00000000eef00000, 0x00000000ef000000, 0x00000000ef000000|100%| E|CS|TAMS 0x00000000eef00000| PB 0x00000000eef00000| Complete 
| 240|0x00000000ef000000, 0x00000000ef100000, 0x00000000ef100000|100%| E|CS|TAMS 0x00000000ef000000| PB 0x00000000ef000000| Complete 
| 241|0x00000000ef100000, 0x00000000ef200000, 0x00000000ef200000|100%| E|CS|TAMS 0x00000000ef100000| PB 0x00000000ef100000| Complete 
| 242|0x00000000ef200000, 0x00000000ef300000, 0x00000000ef300000|100%| E|CS|TAMS 0x00000000ef200000| PB 0x00000000ef200000| Complete 
| 243|0x00000000ef300000, 0x00000000ef400000, 0x00000000ef400000|100%| E|CS|TAMS 0x00000000ef300000| PB 0x00000000ef300000| Complete 
| 244|0x00000000ef400000, 0x00000000ef500000, 0x00000000ef500000|100%| E|CS|TAMS 0x00000000ef400000| PB 0x00000000ef400000| Complete 
| 245|0x00000000ef500000, 0x00000000ef600000, 0x00000000ef600000|100%| E|CS|TAMS 0x00000000ef500000| PB 0x00000000ef500000| Complete 
| 246|0x00000000ef600000, 0x00000000ef700000, 0x00000000ef700000|100%| E|CS|TAMS 0x00000000ef600000| PB 0x00000000ef600000| Complete 
| 247|0x00000000ef700000, 0x00000000ef800000, 0x00000000ef800000|100%| E|CS|TAMS 0x00000000ef700000| PB 0x00000000ef700000| Complete 
| 248|0x00000000ef800000, 0x00000000ef900000, 0x00000000ef900000|100%| E|CS|TAMS 0x00000000ef800000| PB 0x00000000ef800000| Complete 
| 249|0x00000000ef900000, 0x00000000efa00000, 0x00000000efa00000|100%| E|CS|TAMS 0x00000000ef900000| PB 0x00000000ef900000| Complete 
| 250|0x00000000efa00000, 0x00000000efb00000, 0x00000000efb00000|100%| E|CS|TAMS 0x00000000efa00000| PB 0x00000000efa00000| Complete 
| 251|0x00000000efb00000, 0x00000000efc00000, 0x00000000efc00000|100%| E|CS|TAMS 0x00000000efb00000| PB 0x00000000efb00000| Complete 
| 252|0x00000000efc00000, 0x00000000efd00000, 0x00000000efd00000|100%| E|CS|TAMS 0x00000000efc00000| PB 0x00000000efc00000| Complete 
| 253|0x00000000efd00000, 0x00000000efe00000, 0x00000000efe00000|100%| E|CS|TAMS 0x00000000efd00000| PB 0x00000000efd00000| Complete 
| 254|0x00000000efe00000, 0x00000000eff00000, 0x00000000eff00000|100%| E|CS|TAMS 0x00000000efe00000| PB 0x00000000efe00000| Complete 
| 255|0x00000000eff00000, 0x00000000f0000000, 0x00000000f0000000|100%| E|CS|TAMS 0x00000000eff00000| PB 0x00000000eff00000| Complete 

Card table byte_map: [0x0000021bb5570000,0x0000021bb5670000] _byte_map_base: 0x0000021bb4e70000

Marking Bits: (CMBitMap*) 0x0000021b9bb7a140
 Bits: [0x0000021bb5670000, 0x0000021bb5e70000)

Polling page: 0x0000021b9bc10000

Metaspace:

Usage:
  Non-class:     66.20 MB used.
      Class:     10.73 MB used.
       Both:     76.92 MB used.

Virtual space:
  Non-class space:      128.00 MB reserved,      67.44 MB ( 53%) committed,  2 nodes.
      Class space:      320.00 MB reserved,      11.94 MB (  4%) committed,  1 nodes.
             Both:      448.00 MB reserved,      79.38 MB ( 18%) committed. 

Chunk freelists:
   Non-Class:  12.15 MB
       Class:  4.06 MB
        Both:  16.22 MB

MaxMetaspaceSize: 384.00 MB
CompressedClassSpaceSize: 320.00 MB
Initial GC threshold: 21.00 MB
Current GC threshold: 99.00 MB
CDS: on
 - commit_granule_bytes: 65536.
 - commit_granule_words: 8192.
 - virtual_space_node_default_size: 8388608.
 - enlarge_chunks_in_place: 1.
 - use_allocation_guard: 0.


Internal statistics:

num_allocs_failed_limit: 12.
num_arena_births: 4514.
num_arena_deaths: 0.
num_vsnodes_births: 3.
num_vsnodes_deaths: 0.
num_space_committed: 1270.
num_space_uncommitted: 0.
num_chunks_returned_to_freelist: 12.
num_chunks_taken_from_freelist: 8593.
num_chunk_merges: 12.
num_chunk_splits: 5450.
num_chunks_enlarged: 3211.
num_inconsistent_stats: 0.

CodeHeap 'non-profiled nmethods': size=120000Kb used=8367Kb max_used=8367Kb free=111632Kb
 bounds [0x0000021bad2b0000, 0x0000021badae0000, 0x0000021bb47e0000]
CodeHeap 'profiled nmethods': size=120000Kb used=27952Kb max_used=27952Kb free=92047Kb
 bounds [0x0000021ba57e0000, 0x0000021ba7330000, 0x0000021bacd10000]
CodeHeap 'non-nmethods': size=5760Kb used=2072Kb max_used=2118Kb free=3687Kb
 bounds [0x0000021bacd10000, 0x0000021bacf80000, 0x0000021bad2b0000]
 total_blobs=14375 nmethods=13562 adapters=716
 compilation: enabled
              stopped_count=0, restarted_count=0
 full_count=0

Compilation events (20 events):
Event: 1150.724 Thread 0x0000021bd2018030 14213       1       org.gradle.internal.properties.InputBehavior::shouldSkipWhenEmpty (5 bytes)
Event: 1150.724 Thread 0x0000021bd2018030 nmethod 14213 0x0000021badad1c90 code [0x0000021badad1e20, 0x0000021badad1ef0]
Event: 1150.724 Thread 0x0000021bd2018030 14214   !   3       org.gradle.api.internal.provider.AbstractProperty::finalizeNow (75 bytes)
Event: 1150.725 Thread 0x0000021bd2018030 nmethod 14214 0x0000021ba7329310 code [0x0000021ba73295e0, 0x0000021ba732a598]
Event: 1150.725 Thread 0x0000021bd2018030 14215       3       org.gradle.api.internal.provider.DefaultProperty::finalValue (11 bytes)
Event: 1150.726 Thread 0x0000021bd2018030 nmethod 14215 0x0000021ba732ab10 code [0x0000021ba732ace0, 0x0000021ba732b0a8]
Event: 1150.731 Thread 0x0000021bd2018030 14217       3       org.gradle.cache.internal.btree.CachingBlockStore::flush (63 bytes)
Event: 1150.731 Thread 0x0000021bd2018030 nmethod 14217 0x0000021ba732b210 code [0x0000021ba732b440, 0x0000021ba732bc78]
Event: 1150.731 Thread 0x0000021bd2018030 14218       3       org.gradle.cache.internal.btree.FileBackedBlockStore::flush (1 bytes)
Event: 1150.731 Thread 0x0000021bd2018030 nmethod 14218 0x0000021ba732be90 code [0x0000021ba732c020, 0x0000021ba732c128]
Event: 1150.734 Thread 0x0000021bd6713b10 nmethod 14137 0x0000021badad1f90 code [0x0000021badad2320, 0x0000021badad4498]
Event: 1150.734 Thread 0x0000021bd6713b10 14216       4       java.util.regex.Matcher::matches (10 bytes)
Event: 1150.740 Thread 0x0000021bd6713b10 nmethod 14216 0x0000021badad5a90 code [0x0000021badad5c40, 0x0000021badad5f78]
Event: 1150.740 Thread 0x0000021bd6713b10 14177       4       groovy.lang.MetaClassImpl::checkInitalised (58 bytes)
Event: 1150.741 Thread 0x0000021bd6713b10 nmethod 14177 0x0000021badad6190 code [0x0000021badad6320, 0x0000021badad6400]
Event: 1150.741 Thread 0x0000021bd6713b10 14080       4       com.google.common.collect.RegularImmutableMap$Values::get (15 bytes)
Event: 1150.742 Thread 0x0000021bd6713b10 nmethod 14080 0x0000021badad6490 code [0x0000021badad6620, 0x0000021badad6750]
Event: 1150.742 Thread 0x0000021bd6713b10 14158       4       org.gradle.internal.operations.BuildOperationDescriptor$Builder::details (7 bytes)
Event: 1150.743 Thread 0x0000021bd6713b10 nmethod 14158 0x0000021badad6890 code [0x0000021badad6a20, 0x0000021badad6b78]
Event: 1150.748 Thread 0x0000021bd92c6920 nmethod 14084 0x0000021badad6c10 code [0x0000021badad71c0, 0x0000021badada1b0]

GC Heap History (20 events):
Event: 0.561 GC heap before
{Heap before GC invocations=0 (full 0):
 garbage-first heap   total 262144K, used 26624K [0x00000000e0000000, 0x0000000100000000)
  region size 1024K, 23 young (23552K), 0 survivors (0K)
 Metaspace       used 2913K, committed 3072K, reserved 393216K
  class space    used 332K, committed 384K, reserved 327680K
}
Event: 0.564 GC heap after
{Heap after GC invocations=1 (full 0):
 garbage-first heap   total 262144K, used 10780K [0x00000000e0000000, 0x0000000100000000)
  region size 1024K, 3 young (3072K), 3 survivors (3072K)
 Metaspace       used 2913K, committed 3072K, reserved 393216K
  class space    used 332K, committed 384K, reserved 327680K
}
Event: 0.853 GC heap before
{Heap before GC invocations=1 (full 0):
 garbage-first heap   total 262144K, used 40476K [0x00000000e0000000, 0x0000000100000000)
  region size 1024K, 31 young (31744K), 3 survivors (3072K)
 Metaspace       used 4632K, committed 4864K, reserved 393216K
  class space    used 577K, committed 704K, reserved 327680K
}
Event: 0.855 GC heap after
{Heap after GC invocations=2 (full 0):
 garbage-first heap   total 262144K, used 14388K [0x00000000e0000000, 0x0000000100000000)
  region size 1024K, 3 young (3072K), 3 survivors (3072K)
 Metaspace       used 4632K, committed 4864K, reserved 393216K
  class space    used 577K, committed 704K, reserved 327680K
}
Event: 2.059 GC heap before
{Heap before GC invocations=2 (full 0):
 garbage-first heap   total 262144K, used 98356K [0x00000000e0000000, 0x0000000100000000)
  region size 1024K, 85 young (87040K), 3 survivors (3072K)
 Metaspace       used 17188K, committed 17728K, reserved 393216K
  class space    used 2309K, committed 2560K, reserved 327680K
}
Event: 2.064 GC heap after
{Heap after GC invocations=3 (full 0):
 garbage-first heap   total 262144K, used 22681K [0x00000000e0000000, 0x0000000100000000)
  region size 1024K, 11 young (11264K), 11 survivors (11264K)
 Metaspace       used 17188K, committed 17728K, reserved 393216K
  class space    used 2309K, committed 2560K, reserved 327680K
}
Event: 2.364 GC heap before
{Heap before GC invocations=3 (full 0):
 garbage-first heap   total 262144K, used 49305K [0x00000000e0000000, 0x0000000100000000)
  region size 1024K, 38 young (38912K), 11 survivors (11264K)
 Metaspace       used 20874K, committed 21504K, reserved 393216K
  class space    used 2920K, committed 3200K, reserved 327680K
}
Event: 2.369 GC heap after
{Heap after GC invocations=4 (full 0):
 garbage-first heap   total 262144K, used 24948K [0x00000000e0000000, 0x0000000100000000)
  region size 1024K, 3 young (3072K), 3 survivors (3072K)
 Metaspace       used 20874K, committed 21504K, reserved 393216K
  class space    used 2920K, committed 3200K, reserved 327680K
}
Event: 3.550 GC heap before
{Heap before GC invocations=5 (full 0):
 garbage-first heap   total 262144K, used 125300K [0x00000000e0000000, 0x0000000100000000)
  region size 1024K, 103 young (105472K), 3 survivors (3072K)
 Metaspace       used 34535K, committed 35968K, reserved 393216K
  class space    used 4996K, committed 5696K, reserved 327680K
}
Event: 3.559 GC heap after
{Heap after GC invocations=6 (full 0):
 garbage-first heap   total 262144K, used 31220K [0x00000000e0000000, 0x0000000100000000)
  region size 1024K, 9 young (9216K), 9 survivors (9216K)
 Metaspace       used 34535K, committed 35968K, reserved 393216K
  class space    used 4996K, committed 5696K, reserved 327680K
}
Event: 5.393 GC heap before
{Heap before GC invocations=7 (full 0):
 garbage-first heap   total 262144K, used 180724K [0x00000000e0000000, 0x0000000100000000)
  region size 1024K, 153 young (156672K), 9 survivors (9216K)
 Metaspace       used 49875K, committed 51776K, reserved 393216K
  class space    used 7127K, committed 8064K, reserved 327680K
}
Event: 5.405 GC heap after
{Heap after GC invocations=8 (full 0):
 garbage-first heap   total 262144K, used 44390K [0x00000000e0000000, 0x0000000100000000)
  region size 1024K, 20 young (20480K), 20 survivors (20480K)
 Metaspace       used 49875K, committed 51776K, reserved 393216K
  class space    used 7127K, committed 8064K, reserved 327680K
}
Event: 6.650 GC heap before
{Heap before GC invocations=8 (full 0):
 garbage-first heap   total 262144K, used 167270K [0x00000000e0000000, 0x0000000100000000)
  region size 1024K, 141 young (144384K), 20 survivors (20480K)
 Metaspace       used 57883K, committed 60160K, reserved 393216K
  class space    used 8409K, committed 9536K, reserved 327680K
}
Event: 6.668 GC heap after
{Heap after GC invocations=9 (full 0):
 garbage-first heap   total 262144K, used 56244K [0x00000000e0000000, 0x0000000100000000)
  region size 1024K, 13 young (13312K), 13 survivors (13312K)
 Metaspace       used 57883K, committed 60160K, reserved 393216K
  class space    used 8409K, committed 9536K, reserved 327680K
}
Event: 6.716 GC heap before
{Heap before GC invocations=9 (full 0):
 garbage-first heap   total 262144K, used 59316K [0x00000000e0000000, 0x0000000100000000)
  region size 1024K, 17 young (17408K), 13 survivors (13312K)
 Metaspace       used 58187K, committed 60480K, reserved 393216K
  class space    used 8461K, committed 9600K, reserved 327680K
}
Event: 6.722 GC heap after
{Heap after GC invocations=10 (full 0):
 garbage-first heap   total 262144K, used 57625K [0x00000000e0000000, 0x0000000100000000)
  region size 1024K, 2 young (2048K), 2 survivors (2048K)
 Metaspace       used 58187K, committed 60480K, reserved 393216K
  class space    used 8461K, committed 9600K, reserved 327680K
}
Event: 44.483 GC heap before
{Heap before GC invocations=11 (full 0):
 garbage-first heap   total 262144K, used 211225K [0x00000000e0000000, 0x0000000100000000)
  region size 1024K, 153 young (156672K), 2 survivors (2048K)
 Metaspace       used 73481K, committed 75904K, reserved 393216K
  class space    used 10623K, committed 11840K, reserved 327680K
}
Event: 44.489 GC heap after
{Heap after GC invocations=12 (full 0):
 garbage-first heap   total 262144K, used 64401K [0x00000000e0000000, 0x0000000100000000)
  region size 1024K, 9 young (9216K), 9 survivors (9216K)
 Metaspace       used 73481K, committed 75904K, reserved 393216K
  class space    used 10623K, committed 11840K, reserved 327680K
}
Event: 1065.579 GC heap before
{Heap before GC invocations=12 (full 0):
 garbage-first heap   total 262144K, used 210833K [0x00000000e0000000, 0x0000000100000000)
  region size 1024K, 153 young (156672K), 9 survivors (9216K)
 Metaspace       used 78146K, committed 80768K, reserved 458752K
  class space    used 10953K, committed 12224K, reserved 327680K
}
Event: 1065.599 GC heap after
{Heap after GC invocations=13 (full 0):
 garbage-first heap   total 262144K, used 70358K [0x00000000e0000000, 0x0000000100000000)
  region size 1024K, 15 young (15360K), 15 survivors (15360K)
 Metaspace       used 78146K, committed 80768K, reserved 458752K
  class space    used 10953K, committed 12224K, reserved 327680K
}

Dll operation events (15 events):
Event: 0.008 Loaded shared library E:\Applications\bahasa\java\versi 21\bin\java.dll
Event: 0.028 Loaded shared library E:\Applications\bahasa\java\versi 21\bin\jsvml.dll
Event: 0.057 Loaded shared library E:\Applications\bahasa\java\versi 21\bin\zip.dll
Event: 0.061 Loaded shared library E:\Applications\bahasa\java\versi 21\bin\instrument.dll
Event: 0.065 Loaded shared library E:\Applications\bahasa\java\versi 21\bin\net.dll
Event: 0.067 Loaded shared library E:\Applications\bahasa\java\versi 21\bin\nio.dll
Event: 0.069 Loaded shared library E:\Applications\bahasa\java\versi 21\bin\zip.dll
Event: 0.206 Loaded shared library E:\Applications\bahasa\java\versi 21\bin\jimage.dll
Event: 0.477 Loaded shared library E:\Applications\bahasa\java\versi 21\bin\verify.dll
Event: 0.501 Loaded shared library C:\Users\Hype\.gradle\native\660c5614fbf4a5f2a75b1949f50a0caf5cd603558e7d8a26e50b933a0cfb79d1\windows-amd64\native-platform.dll
Event: 0.509 Loaded shared library C:\Users\Hype\.gradle\native\0.2.8\x86_64-windows-gnu\gradle-fileevents.dll
Event: 1.204 Loaded shared library E:\Applications\bahasa\java\versi 21\bin\management.dll
Event: 1.209 Loaded shared library E:\Applications\bahasa\java\versi 21\bin\management_ext.dll
Event: 1.326 Loaded shared library E:\Applications\bahasa\java\versi 21\bin\extnet.dll
Event: 1.533 Loaded shared library E:\Applications\bahasa\java\versi 21\bin\sunmscapi.dll

Deoptimization events (20 events):
Event: 1091.239 Thread 0x0000021bd6777820 Uncommon trap: trap_request=0xfffffff4 fr.pc=0x0000021bada5139c relative=0x00000000000000fc
Event: 1091.240 Thread 0x0000021bd6777820 Uncommon trap: reason=null_check action=make_not_entrant pc=0x0000021bada5139c method=org.gradle.tooling.internal.provider.runner.ClientBuildEventGenerator$Disabled.accept(Lorg/gradle/internal/operations/BuildOperationDescriptor;)Lorg/gradle/tooling/inter
Event: 1091.240 Thread 0x0000021bd6777820 DEOPT PACKING pc=0x0000021bada5139c sp=0x00000068bf2faa20
Event: 1091.240 Thread 0x0000021bd6777820 DEOPT UNPACKING pc=0x0000021bacd646a2 sp=0x00000068bf2fa9a8 mode 2
Event: 1150.607 Thread 0x0000021bd6777820 Uncommon trap: trap_request=0xffffff76 fr.pc=0x0000021badaa58c4 relative=0x00000000000053c4
Event: 1150.607 Thread 0x0000021bd6777820 Uncommon trap: reason=predicate action=maybe_recompile pc=0x0000021badaa58c4 method=com.google.common.collect.RegularImmutableMap.fromEntryArrayCheckingBucketOverflow(I[Ljava/util/Map$Entry;Z)Lcom/google/common/collect/ImmutableMap; @ 50 c2
Event: 1150.607 Thread 0x0000021bd6777820 DEOPT PACKING pc=0x0000021badaa58c4 sp=0x00000068bf2f77f0
Event: 1150.607 Thread 0x0000021bd6777820 DEOPT UNPACKING pc=0x0000021bacd646a2 sp=0x00000068bf2f7330 mode 2
Event: 1150.610 Thread 0x0000021bd6777820 Uncommon trap: trap_request=0xffffff76 fr.pc=0x0000021bada9aaac relative=0x0000000000005a8c
Event: 1150.610 Thread 0x0000021bd6777820 Uncommon trap: reason=predicate action=maybe_recompile pc=0x0000021bada9aaac method=com.google.common.collect.RegularImmutableMap.fromEntryArrayCheckingBucketOverflow(I[Ljava/util/Map$Entry;Z)Lcom/google/common/collect/ImmutableMap; @ 50 c2
Event: 1150.610 Thread 0x0000021bd6777820 DEOPT PACKING pc=0x0000021bada9aaac sp=0x00000068bf2f9f30
Event: 1150.610 Thread 0x0000021bd6777820 DEOPT UNPACKING pc=0x0000021bacd646a2 sp=0x00000068bf2f9b48 mode 2
Event: 1150.694 Thread 0x0000021bd6777820 Uncommon trap: trap_request=0xffffff45 fr.pc=0x0000021bad9698f4 relative=0x00000000000000b4
Event: 1150.694 Thread 0x0000021bd6777820 Uncommon trap: reason=unstable_if action=reinterpret pc=0x0000021bad9698f4 method=java.lang.invoke.MethodHandleImpl$CountingWrapper.countDown()Z @ 14 c2
Event: 1150.694 Thread 0x0000021bd6777820 DEOPT PACKING pc=0x0000021bad9698f4 sp=0x00000068bf2f5550
Event: 1150.694 Thread 0x0000021bd6777820 DEOPT UNPACKING pc=0x0000021bacd646a2 sp=0x00000068bf2f5478 mode 2
Event: 1150.695 Thread 0x0000021bd6777820 Uncommon trap: trap_request=0xffffff45 fr.pc=0x0000021bad969d5c relative=0x00000000000000bc
Event: 1150.695 Thread 0x0000021bd6777820 Uncommon trap: reason=unstable_if action=reinterpret pc=0x0000021bad969d5c method=java.lang.invoke.MethodHandleImpl$CountingWrapper.countDown()Z @ 14 c2
Event: 1150.695 Thread 0x0000021bd6777820 DEOPT PACKING pc=0x0000021bad969d5c sp=0x00000068bf2f53d0
Event: 1150.695 Thread 0x0000021bd6777820 DEOPT UNPACKING pc=0x0000021bacd646a2 sp=0x00000068bf2f5360 mode 2

Classes loaded (20 events):
Event: 347.674 Loading class java/io/ObjectInputStream$FieldValues
Event: 347.674 Loading class java/io/ObjectInputStream$GetField
Event: 347.674 Loading class java/io/ObjectInputStream$GetField done
Event: 347.674 Loading class java/io/ObjectInputStream$FieldValues done
Event: 1065.525 Loading class java/lang/invoke/WrongMethodTypeException
Event: 1065.525 Loading class java/lang/invoke/WrongMethodTypeException done
Event: 1065.544 Loading class java/lang/StackTraceElement$HashedModules
Event: 1065.545 Loading class java/lang/StackTraceElement$HashedModules done
Event: 1065.552 Loading class java/util/logging/LogRecord
Event: 1065.553 Loading class java/util/logging/LogRecord done
Event: 1065.618 Loading class java/io/NotSerializableException
Event: 1065.619 Loading class java/io/NotSerializableException done
Event: 1065.621 Loading class java/util/Collections$EmptyListIterator
Event: 1065.622 Loading class java/util/Collections$EmptyListIterator done
Event: 1065.674 Loading class java/net/UrlDeserializedState
Event: 1065.674 Loading class java/net/UrlDeserializedState done
Event: 1065.674 Loading class java/net/Proxy
Event: 1065.675 Loading class java/net/Proxy done
Event: 1150.694 Loading class java/lang/invoke/MethodHandleImpl$CountingWrapper$1
Event: 1150.695 Loading class java/lang/invoke/MethodHandleImpl$CountingWrapper$1 done

Classes unloaded (0 events):
No events

Classes redefined (0 events):
No events

Internal exceptions (20 events):
Event: 1084.698 Thread 0x0000021bd6777820 Exception <a 'sun/nio/fs/WindowsException'{0x00000000ef2ae790}> (0x00000000ef2ae790) 
thrown [s\open\src\hotspot\share\prims\jni.cpp, line 520]
Event: 1084.699 Thread 0x0000021bd6777820 Exception <a 'sun/nio/fs/WindowsException'{0x00000000ef2afc50}> (0x00000000ef2afc50) 
thrown [s\open\src\hotspot\share\prims\jni.cpp, line 520]
Event: 1084.699 Thread 0x0000021bd6777820 Exception <a 'sun/nio/fs/WindowsException'{0x00000000ef2b0d18}> (0x00000000ef2b0d18) 
thrown [s\open\src\hotspot\share\prims\jni.cpp, line 520]
Event: 1084.779 Thread 0x0000021bd6779260 Exception <a 'sun/nio/fs/WindowsException'{0x00000000eeeb0090}> (0x00000000eeeb0090) 
thrown [s\open\src\hotspot\share\prims\jni.cpp, line 520]
Event: 1084.785 Thread 0x0000021bd6779260 Exception <a 'sun/nio/fs/WindowsException'{0x00000000eed802f8}> (0x00000000eed802f8) 
thrown [s\open\src\hotspot\share\prims\jni.cpp, line 520]
Event: 1084.814 Thread 0x0000021bd6779260 Exception <a 'sun/nio/fs/WindowsException'{0x00000000ee6987f0}> (0x00000000ee6987f0) 
thrown [s\open\src\hotspot\share\prims\jni.cpp, line 520]
Event: 1084.824 Thread 0x0000021bd6779260 Exception <a 'sun/nio/fs/WindowsException'{0x00000000ee6dc6d0}> (0x00000000ee6dc6d0) 
thrown [s\open\src\hotspot\share\prims\jni.cpp, line 520]
Event: 1085.968 Thread 0x0000021bd6777820 Exception <a 'sun/nio/fs/WindowsException'{0x00000000ee5b70f0}> (0x00000000ee5b70f0) 
thrown [s\open\src\hotspot\share\prims\jni.cpp, line 520]
Event: 1091.239 Thread 0x0000021bd6777820 Implicit null exception at 0x0000021bada512e9 to 0x0000021bada51390
Event: 1091.324 Thread 0x0000021bd6777820 Exception <a 'sun/nio/fs/WindowsException'{0x00000000eda0baa0}> (0x00000000eda0baa0) 
thrown [s\open\src\hotspot\share\prims\jni.cpp, line 520]
Event: 1091.324 Thread 0x0000021bd6777820 Exception <a 'sun/nio/fs/WindowsException'{0x00000000eda0cf50}> (0x00000000eda0cf50) 
thrown [s\open\src\hotspot\share\prims\jni.cpp, line 520]
Event: 1091.324 Thread 0x0000021bd6777820 Exception <a 'sun/nio/fs/WindowsException'{0x00000000eda0e3f8}> (0x00000000eda0e3f8) 
thrown [s\open\src\hotspot\share\prims\jni.cpp, line 520]
Event: 1091.324 Thread 0x0000021bd6777820 Exception <a 'sun/nio/fs/WindowsException'{0x00000000eda0f4a8}> (0x00000000eda0f4a8) 
thrown [s\open\src\hotspot\share\prims\jni.cpp, line 520]
Event: 1091.381 Thread 0x0000021bd6779260 Exception <a 'sun/nio/fs/WindowsException'{0x00000000ed7f3350}> (0x00000000ed7f3350) 
thrown [s\open\src\hotspot\share\prims\jni.cpp, line 520]
Event: 1092.525 Thread 0x0000021bd6777820 Exception <a 'sun/nio/fs/WindowsException'{0x00000000ed8b4fd8}> (0x00000000ed8b4fd8) 
thrown [s\open\src\hotspot\share\prims\jni.cpp, line 520]
Event: 1150.660 Thread 0x0000021bd6777820 Exception <a 'sun/nio/fs/WindowsException'{0x00000000ecb44278}> (0x00000000ecb44278) 
thrown [s\open\src\hotspot\share\prims\jni.cpp, line 520]
Event: 1150.660 Thread 0x0000021bd6777820 Exception <a 'sun/nio/fs/WindowsException'{0x00000000ecb45728}> (0x00000000ecb45728) 
thrown [s\open\src\hotspot\share\prims\jni.cpp, line 520]
Event: 1150.660 Thread 0x0000021bd6777820 Exception <a 'sun/nio/fs/WindowsException'{0x00000000ecb46bd0}> (0x00000000ecb46bd0) 
thrown [s\open\src\hotspot\share\prims\jni.cpp, line 520]
Event: 1150.660 Thread 0x0000021bd6777820 Exception <a 'sun/nio/fs/WindowsException'{0x00000000ecb47c80}> (0x00000000ecb47c80) 
thrown [s\open\src\hotspot\share\prims\jni.cpp, line 520]
Event: 1150.719 Thread 0x0000021bd98bb6f0 Exception <a 'sun/nio/fs/WindowsException'{0x00000000ec9e25d8}> (0x00000000ec9e25d8) 
thrown [s\open\src\hotspot\share\prims\jni.cpp, line 520]

ZGC Phase Switch (0 events):
No events

VM Operations (20 events):
Event: 1071.652 Executing VM operation: Cleanup
Event: 1071.652 Executing VM operation: Cleanup done
Event: 1082.220 Executing VM operation: HandshakeAllThreads (HandshakeForDeflation)
Event: 1082.220 Executing VM operation: HandshakeAllThreads (HandshakeForDeflation) done
Event: 1082.220 Executing VM operation: RendezvousGCThreads
Event: 1082.220 Executing VM operation: RendezvousGCThreads done
Event: 1084.757 Executing VM operation: ICBufferFull
Event: 1084.757 Executing VM operation: ICBufferFull done
Event: 1085.762 Executing VM operation: Cleanup
Event: 1085.763 Executing VM operation: Cleanup done
Event: 1086.773 Executing VM operation: Cleanup
Event: 1086.773 Executing VM operation: Cleanup done
Event: 1091.813 Executing VM operation: Cleanup
Event: 1091.814 Executing VM operation: Cleanup done
Event: 1092.819 Executing VM operation: Cleanup
Event: 1092.820 Executing VM operation: Cleanup done
Event: 1142.417 Executing VM operation: HandshakeAllThreads (HandshakeForDeflation)
Event: 1142.417 Executing VM operation: HandshakeAllThreads (HandshakeForDeflation) done
Event: 1142.417 Executing VM operation: RendezvousGCThreads
Event: 1142.417 Executing VM operation: RendezvousGCThreads done

Events (20 events):
Event: 1150.608 Thread 0x0000021bd67798f0 Thread added: 0x0000021bd67798f0
Event: 1150.609 Thread 0x0000021bd98bb060 Thread added: 0x0000021bd98bb060
Event: 1150.609 Thread 0x0000021bd98bde50 Thread added: 0x0000021bd98bde50
Event: 1150.618 Thread 0x0000021bd98beb70 Thread added: 0x0000021bd98beb70
Event: 1150.618 Thread 0x0000021bd98bbd80 Thread added: 0x0000021bd98bbd80
Event: 1150.684 Thread 0x0000021bd6713b10 Thread added: 0x0000021bd6713b10
Event: 1150.698 Thread 0x0000021bd98bb6f0 Thread added: 0x0000021bd98bb6f0
Event: 1150.699 Thread 0x0000021bd98bf890 Thread added: 0x0000021bd98bf890
Event: 1150.699 Thread 0x0000021bd98bcaa0 Thread added: 0x0000021bd98bcaa0
Event: 1150.699 Thread 0x0000021bd98bff20 Thread added: 0x0000021bd98bff20
Event: 1150.699 Thread 0x0000021bd98c05b0 Thread added: 0x0000021bd98c05b0
Event: 1150.699 Thread 0x0000021bd98bd130 Thread added: 0x0000021bd98bd130
Event: 1150.699 Thread 0x0000021bd98c0c40 Thread added: 0x0000021bd98c0c40
Event: 1150.699 Thread 0x0000021bd98bd7c0 Thread added: 0x0000021bd98bd7c0
Event: 1150.699 Thread 0x0000021bd98c12d0 Thread added: 0x0000021bd98c12d0
Event: 1150.699 Thread 0x0000021bd98c1ff0 Thread added: 0x0000021bd98c1ff0
Event: 1150.699 Thread 0x0000021bd98c2680 Thread added: 0x0000021bd98c2680
Event: 1150.699 Thread 0x0000021bd8a57cf0 Thread added: 0x0000021bd8a57cf0
Event: 1150.701 Thread 0x0000021bd8a55c20 Thread added: 0x0000021bd8a55c20
Event: 1150.731 Thread 0x0000021bd8a54f00 Thread added: 0x0000021bd8a54f00


Dynamic libraries:
0x00007ff6ee1f0000 - 0x00007ff6ee200000 	E:\Applications\bahasa\java\versi 21\bin\java.exe
0x00007ffd7f400000 - 0x00007ffd7f667000 	C:\WINDOWS\SYSTEM32\ntdll.dll
0x00007ffd7e470000 - 0x00007ffd7e539000 	C:\WINDOWS\System32\KERNEL32.DLL
0x00007ffd7cc10000 - 0x00007ffd7cfff000 	C:\WINDOWS\System32\KERNELBASE.dll
0x00007ffd7c6c0000 - 0x00007ffd7c80b000 	C:\WINDOWS\System32\ucrtbase.dll
0x00007ffd703e0000 - 0x00007ffd703f9000 	E:\Applications\bahasa\java\versi 21\bin\jli.dll
0x00007ffd6b450000 - 0x00007ffd6b46e000 	E:\Applications\bahasa\java\versi 21\bin\VCRUNTIME140.dll
0x00007ffd7da20000 - 0x00007ffd7dad4000 	C:\WINDOWS\System32\ADVAPI32.dll
0x00007ffd7df80000 - 0x00007ffd7e029000 	C:\WINDOWS\System32\msvcrt.dll
0x00007ffd7f310000 - 0x00007ffd7f3b6000 	C:\WINDOWS\System32\sechost.dll
0x00007ffd7d900000 - 0x00007ffd7da18000 	C:\WINDOWS\System32\RPCRT4.dll
0x00007ffd7e130000 - 0x00007ffd7e2f5000 	C:\WINDOWS\System32\USER32.dll
0x00007ffd6d350000 - 0x00007ffd6d5e3000 	C:\WINDOWS\WinSxS\amd64_microsoft.windows.common-controls_6595b64144ccf1df_6.0.26100.7309_none_3e05feeae336a044\COMCTL32.dll
0x00007ffd7d0c0000 - 0x00007ffd7d0e7000 	C:\WINDOWS\System32\win32u.dll
0x00007ffd7d8d0000 - 0x00007ffd7d8fb000 	C:\WINDOWS\System32\GDI32.dll
0x00007ffd7cae0000 - 0x00007ffd7cc0c000 	C:\WINDOWS\System32\gdi32full.dll
0x00007ffd7d010000 - 0x00007ffd7d0b3000 	C:\WINDOWS\System32\msvcp_win.dll
0x00007ffd743a0000 - 0x00007ffd743ab000 	C:\WINDOWS\SYSTEM32\VERSION.dll
0x00007ffd7efe0000 - 0x00007ffd7f011000 	C:\WINDOWS\System32\IMM32.DLL
0x00007ffd71040000 - 0x00007ffd7104c000 	E:\Applications\bahasa\java\versi 21\bin\vcruntime140_1.dll
0x00007ffd64980000 - 0x00007ffd64a0d000 	E:\Applications\bahasa\java\versi 21\bin\msvcp140.dll
0x00007ffcc8e60000 - 0x00007ffcc9b88000 	E:\Applications\bahasa\java\versi 21\bin\server\jvm.dll
0x00007ffd7e550000 - 0x00007ffd7e5c4000 	C:\WINDOWS\System32\WS2_32.dll
0x00007ffd7c3d0000 - 0x00007ffd7c42e000 	C:\WINDOWS\SYSTEM32\POWRPROF.dll
0x00007ffd74210000 - 0x00007ffd74245000 	C:\WINDOWS\SYSTEM32\WINMM.dll
0x00007ffd7c3b0000 - 0x00007ffd7c3c4000 	C:\WINDOWS\SYSTEM32\UMPDC.dll
0x00007ffd7b2c0000 - 0x00007ffd7b2db000 	C:\WINDOWS\SYSTEM32\kernel.appcore.dll
0x00007ffd70f50000 - 0x00007ffd70f5a000 	E:\Applications\bahasa\java\versi 21\bin\jimage.dll
0x00007ffd74a60000 - 0x00007ffd74ca2000 	C:\WINDOWS\SYSTEM32\DBGHELP.DLL
0x00007ffd7db20000 - 0x00007ffd7dea5000 	C:\WINDOWS\System32\combase.dll
0x00007ffd7d7d0000 - 0x00007ffd7d8a6000 	C:\WINDOWS\System32\OLEAUT32.dll
0x00007ffd6d150000 - 0x00007ffd6d18c000 	C:\WINDOWS\SYSTEM32\dbgcore.DLL
0x00007ffd7d0f0000 - 0x00007ffd7d195000 	C:\WINDOWS\System32\bcryptPrimitives.dll
0x00007ffd6c0e0000 - 0x00007ffd6c0f0000 	E:\Applications\bahasa\java\versi 21\bin\instrument.dll
0x00007ffd6b420000 - 0x00007ffd6b441000 	E:\Applications\bahasa\java\versi 21\bin\java.dll
0x00007ffd7e880000 - 0x00007ffd7efd3000 	C:\WINDOWS\System32\SHELL32.dll
0x00007ffd7c550000 - 0x00007ffd7c6ba000 	C:\WINDOWS\System32\wintypes.dll
0x00007ffd7a130000 - 0x00007ffd7a98e000 	C:\WINDOWS\SYSTEM32\windows.storage.dll
0x00007ffd7e030000 - 0x00007ffd7e125000 	C:\WINDOWS\System32\SHCORE.dll
0x00007ffd7e790000 - 0x00007ffd7e7f6000 	C:\WINDOWS\System32\shlwapi.dll
0x00007ffd7c470000 - 0x00007ffd7c499000 	C:\WINDOWS\SYSTEM32\profapi.dll
0x00007ffd524c0000 - 0x00007ffd52597000 	E:\Applications\bahasa\java\versi 21\bin\jsvml.dll
0x00007ffd67f70000 - 0x00007ffd67f88000 	E:\Applications\bahasa\java\versi 21\bin\zip.dll
0x00007ffd678f0000 - 0x00007ffd67901000 	E:\Applications\bahasa\java\versi 21\bin\net.dll
0x00007ffd76230000 - 0x00007ffd76358000 	C:\WINDOWS\SYSTEM32\WINHTTP.dll
0x00007ffd7b810000 - 0x00007ffd7b87b000 	C:\WINDOWS\system32\mswsock.dll
0x00007ffd678d0000 - 0x00007ffd678e6000 	E:\Applications\bahasa\java\versi 21\bin\nio.dll
0x00007ffd67b00000 - 0x00007ffd67b10000 	E:\Applications\bahasa\java\versi 21\bin\verify.dll
0x00007ffd6d020000 - 0x00007ffd6d047000 	C:\Users\Hype\.gradle\native\660c5614fbf4a5f2a75b1949f50a0caf5cd603558e7d8a26e50b933a0cfb79d1\windows-amd64\native-platform.dll
0x00007ffd52110000 - 0x00007ffd52187000 	C:\Users\Hype\.gradle\native\0.2.8\x86_64-windows-gnu\gradle-fileevents.dll
0x00007ffd66ec0000 - 0x00007ffd66eca000 	E:\Applications\bahasa\java\versi 21\bin\management.dll
0x00007ffd66e50000 - 0x00007ffd66e5c000 	E:\Applications\bahasa\java\versi 21\bin\management_ext.dll
0x00007ffd7f300000 - 0x00007ffd7f308000 	C:\WINDOWS\System32\PSAPI.DLL
0x00007ffd7acb0000 - 0x00007ffd7ace4000 	C:\WINDOWS\SYSTEM32\IPHLPAPI.DLL
0x00007ffd7db10000 - 0x00007ffd7db1a000 	C:\WINDOWS\System32\NSI.dll
0x00007ffd64970000 - 0x00007ffd64979000 	E:\Applications\bahasa\java\versi 21\bin\extnet.dll
0x00007ffd7bc00000 - 0x00007ffd7bc1b000 	C:\WINDOWS\SYSTEM32\CRYPTSP.dll
0x00007ffd7b220000 - 0x00007ffd7b25a000 	C:\WINDOWS\system32\rsaenh.dll
0x00007ffd7b8c0000 - 0x00007ffd7b8eb000 	C:\WINDOWS\SYSTEM32\USERENV.dll
0x00007ffd7c440000 - 0x00007ffd7c46a000 	C:\WINDOWS\SYSTEM32\bcrypt.dll
0x00007ffd7ba60000 - 0x00007ffd7ba6c000 	C:\WINDOWS\SYSTEM32\CRYPTBASE.dll
0x00007ffd64960000 - 0x00007ffd6496e000 	E:\Applications\bahasa\java\versi 21\bin\sunmscapi.dll
0x00007ffd7c8a0000 - 0x00007ffd7ca17000 	C:\WINDOWS\System32\CRYPT32.dll
0x00007ffd7bd50000 - 0x00007ffd7bd80000 	C:\WINDOWS\SYSTEM32\ncrypt.dll
0x00007ffd7bd00000 - 0x00007ffd7bd3f000 	C:\WINDOWS\SYSTEM32\NTASN1.dll
0x00007ffd56ed0000 - 0x00007ffd56ed8000 	C:\WINDOWS\system32\wshunix.dll

dbghelp: loaded successfully - version: 4.0.5 - missing functions: none
symbol engine: initialized successfully - sym options: 0x614 - pdb path: .;E:\Applications\bahasa\java\versi 21\bin;C:\WINDOWS\SYSTEM32;C:\WINDOWS\WinSxS\amd64_microsoft.windows.common-controls_6595b64144ccf1df_6.0.26100.7309_none_3e05feeae336a044;E:\Applications\bahasa\java\versi 21\bin\server;C:\Users\Hype\.gradle\native\660c5614fbf4a5f2a75b1949f50a0caf5cd603558e7d8a26e50b933a0cfb79d1\windows-amd64;C:\Users\Hype\.gradle\native\0.2.8\x86_64-windows-gnu

VM Arguments:
jvm_args: --add-opens=java.base/java.lang=ALL-UNNAMED --add-opens=java.base/java.lang.invoke=ALL-UNNAMED --add-opens=java.base/java.util=ALL-UNNAMED --add-opens=java.prefs/java.util.prefs=ALL-UNNAMED --add-exports=jdk.compiler/com.sun.tools.javac.api=ALL-UNNAMED --add-exports=jdk.compiler/com.sun.tools.javac.util=ALL-UNNAMED --add-opens=java.base/java.nio.charset=ALL-UNNAMED --add-opens=java.base/java.net=ALL-UNNAMED --add-opens=java.base/java.util.concurrent=ALL-UNNAMED --add-opens=java.base/java.util.concurrent.atomic=ALL-UNNAMED --add-opens=java.xml/javax.xml.namespace=ALL-UNNAMED --add-opens=java.base/java.time=ALL-UNNAMED -XX:MaxMetaspaceSize=384m -XX:+HeapDumpOnOutOfMemoryError -Xms256m -Xmx512m -Dfile.encoding=UTF-8 -Duser.country=ID -Duser.language=en -Duser.variant -javaagent:C:\Users\Hype\.gradle\wrapper\dists\gradle-9.6.0-bin\42k10rwplmzkhuboz9kdazi7s\gradle-9.6.0\lib\agents\gradle-instrumentation-agent-9.6.0.jar 
java_command: org.gradle.launcher.daemon.bootstrap.GradleDaemon 9.6.0
java_class_path (initial): C:\Users\Hype\.gradle\wrapper\dists\gradle-9.6.0-bin\42k10rwplmzkhuboz9kdazi7s\gradle-9.6.0\lib\gradle-daemon-main-9.6.0.jar
Launcher Type: SUN_STANDARD

[Global flags]
     intx CICompilerCount                          = 4                                         {product} {ergonomic}
   size_t CompressedClassSpaceSize                 = 335544320                                 {product} {ergonomic}
     uint ConcGCThreads                            = 3                                         {product} {ergonomic}
     uint G1ConcRefinementThreads                  = 10                                        {product} {ergonomic}
   size_t G1HeapRegionSize                         = 1048576                                   {product} {ergonomic}
    uintx GCDrainStackTargetSize                   = 64                                        {product} {ergonomic}
     bool HeapDumpOnOutOfMemoryError               = true                                   {manageable} {command line}
   size_t InitialHeapSize                          = 268435456                                 {product} {command line}
   size_t MarkStackSize                            = 4194304                                   {product} {ergonomic}
   size_t MaxHeapSize                              = 536870912                                 {product} {command line}
   size_t MaxMetaspaceSize                         = 402653184                                 {product} {command line}
   size_t MaxNewSize                               = 321912832                                 {product} {ergonomic}
   size_t MinHeapDeltaBytes                        = 1048576                                   {product} {ergonomic}
   size_t MinHeapSize                              = 268435456                                 {product} {command line}
    uintx NonNMethodCodeHeapSize                   = 5839372                                {pd product} {ergonomic}
    uintx NonProfiledCodeHeapSize                  = 122909434                              {pd product} {ergonomic}
    uintx ProfiledCodeHeapSize                     = 122909434                              {pd product} {ergonomic}
    uintx ReservedCodeCacheSize                    = 251658240                              {pd product} {ergonomic}
     bool SegmentedCodeCache                       = true                                      {product} {ergonomic}
   size_t SoftMaxHeapSize                          = 536870912                              {manageable} {ergonomic}
     bool UseCompressedOops                        = true                           {product lp64_product} {ergonomic}
     bool UseG1GC                                  = true                                      {product} {ergonomic}
     bool UseLargePagesIndividualAllocation        = false                                  {pd product} {ergonomic}

Logging:
Log output configuration:
 #0: stdout all=warning uptime,level,tags foldmultilines=false
 #1: stderr all=off uptime,level,tags foldmultilines=false

Environment Variables:
JAVA_HOME=E:\Applications\bahasa\java\versi 21
PATH=C:\Program Files\Common Files\Oracle\Java\javapath;E:\Applications\Python311\Scripts\;E:\Applications\Python311\;C:\WINDOWS\system32;C:\WINDOWS;C:\WINDOWS\System32\Wbem;C:\WINDOWS\System32\WindowsPowerShell\v1.0\;C:\WINDOWS\System32\OpenSSH\;E:\Applications\Git\cmd;C:\Program Files\Microsoft SQL Server\150\Tools\Binn\;C:\Program Files\Microsoft SQL Server\Client SDK\ODBC\170\Tools\Binn\;C:\Program Files\dotnet\;C:\Program Files (x86)\Windows Kits\10\Windows Performance Toolkit\;E:\Applications\bahasa\java\versi 21\bin;E:\Applications\maven-mvnd-1.0.6-windows-amd64\maven-mvnd-1.0.6-windows-amd64\bin;E:\Applications\gradle-9.6.1\bin;E:\Applications\jdk\bin;C:\Users\Hype\AppData\Local\Microsoft\WindowsApps;C:\Users\Hype\.lmstudio\bin;E:\Applications\Microsoft VS Code\bin;C:\Users\Hype\.dotnet\tools;C:\Users\Hype\AppData\Local\Microsoft\WindowsApps;E:\Applications\bahasa\java\versi 21\bin;E:\Applications\New folder\IntelliJ IDEA 2026.2.0.1\bin;E:\Applications\maven-mvnd-1.0.6-windows-amd64\maven-mvnd-1.0.6-windows-amd64\bin;E:\Applications\gradle-9.6.1\bin;
USERNAME=Hype
OS=Windows_NT
PROCESSOR_IDENTIFIER=AMD64 Family 25 Model 80 Stepping 0, AuthenticAMD
TMP=C:\Users\Hype\AppData\Local\Temp
TEMP=C:\Users\Hype\AppData\Local\Temp




Periodic native trim disabled

---------------  S Y S T E M  ---------------

OS:
 Windows 11 , 64 bit Build 26100 (10.0.26100.7309)
OS uptime: 11 days 8:39 hours
Hyper-V role detected

CPU: total 12 (initial active 12) (12 cores per cpu, 2 threads per core) family 25 model 80 stepping 0 microcode 0xa50000f, cx8, cmov, fxsr, ht, mmx, 3dnowpref, sse, sse2, sse3, ssse3, sse4a, sse4.1, sse4.2, popcnt, lzcnt, tsc, tscinvbit, avx, avx2, aes, erms, clmul, bmi1, bmi2, adx, sha, fma, vzeroupper, clflush, clflushopt, hv, rdtscp, rdpid, fsrm, f16c, cet_ss
Processor Information for processor 0
  Max Mhz: 2301, Current Mhz: 2010, Mhz Limit: 2301
Processor Information for processor 1
  Max Mhz: 2301, Current Mhz: 2010, Mhz Limit: 2301
Processor Information for processor 2
  Max Mhz: 2301, Current Mhz: 2010, Mhz Limit: 2301
Processor Information for processor 3
  Max Mhz: 2301, Current Mhz: 2010, Mhz Limit: 2301
Processor Information for processor 4
  Max Mhz: 2301, Current Mhz: 2301, Mhz Limit: 2301
Processor Information for processor 5
  Max Mhz: 2301, Current Mhz: 2301, Mhz Limit: 2301
Processor Information for processor 6
  Max Mhz: 2301, Current Mhz: 2010, Mhz Limit: 2301
Processor Information for processor 7
  Max Mhz: 2301, Current Mhz: 2010, Mhz Limit: 2301
Processor Information for processor 8
  Max Mhz: 2301, Current Mhz: 2301, Mhz Limit: 2301
Processor Information for processor 9
  Max Mhz: 2301, Current Mhz: 2010, Mhz Limit: 2301
Processor Information for processor 10
  Max Mhz: 2301, Current Mhz: 2010, Mhz Limit: 2301
Processor Information for processor 11
  Max Mhz: 2301, Current Mhz: 2010, Mhz Limit: 2301

Memory: 4k page, system-wide physical 15772M (781M free)
TotalPageFile size 31132M (AvailPageFile size 7M)
current process WorkingSet (physical memory assigned to process): 382M, peak: 490M
current process commit charge ("private bytes"): 566M, peak: 575M

vm_info: Java HotSpot(TM) 64-Bit Server VM (21.0.11+9-LTS-211) for windows-amd64 JRE (21.0.11+9-LTS-211), built on 2026-03-11T00:23:15Z by "mach5run" with MS VC++ 17.13 (VS2022)

END.
