#
# There is insufficient memory for the Java Runtime Environment to continue.
# Native memory allocation (mmap) failed to map 260046848 bytes for G1 virtual space
# Possible reasons:
#   The system is out of physical RAM or swap space
#   The process is running with CompressedOops enabled, and the Java Heap may be blocking the growth of the native heap
# Possible solutions:
#   Reduce memory load on the system
#   Increase physical memory or swap space
#   Check if swap backing store is full
#   Decrease Java heap size (-Xmx/-Xms)
#   Decrease number of Java threads
#   Decrease Java thread stack sizes (-Xss)
#   Set larger code cache with -XX:ReservedCodeCacheSize=
#   JVM is running with Zero Based Compressed Oops mode in which the Java heap is
#     placed in the first 32GB address space. The Java Heap base address is the
#     maximum limit for the native heap growth. Please use -XX:HeapBaseMinAddress
#     to set the Java Heap base and to place the Java Heap above 32GB virtual address.
# This output file may be truncated or incomplete.
#
#  Out of Memory Error (os_windows.cpp:3604), pid=26728, tid=27468
#
# JRE version:  (21.0.11+9) (build )
# Java VM: Java HotSpot(TM) 64-Bit Server VM (21.0.11+9-LTS-211, mixed mode, sharing, tiered, compressed oops, compressed class ptrs, g1 gc, windows-amd64)
# No core dump will be written. Minidumps are not enabled by default on client versions of Windows
#

---------------  S U M M A R Y ------------

Command Line: -Dfile.encoding=UTF-8 -Duser.country=ID -Duser.language=en -Duser.variant day21.day21_4

Host: AMD Ryzen 5 7430U with Radeon Graphics         , 12 cores, 15G,  Windows 11 , 64 bit Build 26100 (10.0.26100.7309)
Time: Sat Aug  8 10:20:54 2026 SE Asia Standard Time elapsed time: 1.111374 seconds (0d 0h 0m 1s)

---------------  T H R E A D  ---------------

Current thread (0x000001ad44fc9840):  JavaThread "Unknown thread" [_thread_in_vm, id=27468, stack(0x00000039cb300000,0x00000039cb400000) (1024K)]

Stack: [0x00000039cb300000,0x00000039cb400000]
Native frames: (J=compiled Java code, j=interpreted, Vv=VM code, C=native code)
V  [jvm.dll+0x6d0ef9]
V  [jvm.dll+0x860126]
V  [jvm.dll+0x86261e]
V  [jvm.dll+0x862cf3]
V  [jvm.dll+0x282bc6]
V  [jvm.dll+0x6cd7a5]
V  [jvm.dll+0x6c232a]
V  [jvm.dll+0x35bfb8]
V  [jvm.dll+0x363c76]
V  [jvm.dll+0x3b4d8e]
V  [jvm.dll+0x3b5038]
V  [jvm.dll+0x32fa6c]
V  [jvm.dll+0x3305c1]
V  [jvm.dll+0x82a10e]
V  [jvm.dll+0x3c1d21]
V  [jvm.dll+0x812fda]
V  [jvm.dll+0x454701]
V  [jvm.dll+0x456151]
C  [jli.dll+0x5310]
C  [ucrtbase.dll+0x37b0]
C  [KERNEL32.DLL+0x2e8d7]
C  [ntdll.dll+0x8c53c]


---------------  P R O C E S S  ---------------

Threads class SMR info:
_java_thread_list=0x00007ffcc9a39c88, length=0, elements={
}

Java Threads: ( => current thread )
Total: 0

Other Threads:
  0x000001ad450291f0 WorkerThread "GC Thread#0"                     [id=4668, stack(0x00000039cb400000,0x00000039cb500000) (1024K)]
  0x000001ad4503a6e0 ConcurrentGCThread "G1 Main Marker"            [id=1916, stack(0x00000039cb500000,0x00000039cb600000) (1024K)]
  0x000001ad4503b990 WorkerThread "G1 Conc#0"                       [id=1668, stack(0x00000039cb600000,0x00000039cb700000) (1024K)]

[error occurred during error reporting (printing all threads), id 0xc0000005, EXCEPTION_ACCESS_VIOLATION (0xc0000005) at pc=0x00007ffcc91a26f7]
VM state: not at safepoint (not fully initialized)

VM Mutex/Monitor currently owned by a thread:  ([mutex/lock_event])
[0x00007ffcc9aab050] Heap_lock - owner thread: 0x000001ad44fc9840

Heap address: 0x0000000709800000, size: 3944 MB, Compressed Oops mode: Zero based, Oop shift amount: 3

CDS archive(s) mapped at: [0x0000000000000000-0x0000000000000000-0x0000000000000000), size 0, SharedBaseAddress: 0x0000000800000000, ArchiveRelocationMode: 1.
Narrow klass base: 0x0000000000000000, Narrow klass shift: 0, Narrow klass range: 0x0

GC Precious Log:
 CardTable entry size: 512
 Card Set container configuration: InlinePtr #cards 4 size 8 Array Of Cards #cards 16 size 48 Howl #buckets 8 coarsen threshold 3686 Howl Bitmap #cards 512 size 80 coarsen threshold 460 Card regions per heap region 1 cards per card region 4096

Heap:
 garbage-first heap   total 0K, used 0K [0x0000000709800000, 0x0000000800000000)
  region size 2048K, 0 young (0K), 0 survivors (0K)

[error occurred during error reporting (printing heap information), id 0xc0000005, EXCEPTION_ACCESS_VIOLATION (0xc0000005) at pc=0x00007ffcc958afd9]
GC Heap History (0 events):
No events

Dll operation events (1 events):
Event: 0.007 Loaded shared library E:\Applications\bahasa\java\versi 21\bin\java.dll

Deoptimization events (0 events):
No events

Classes loaded (0 events):
No events

Classes unloaded (0 events):
No events

Classes redefined (0 events):
No events

Internal exceptions (0 events):
No events

ZGC Phase Switch (0 events):
No events

VM Operations (0 events):
No events

Events (0 events):
No events


Dynamic libraries:
0x00007ff6ee1f0000 - 0x00007ff6ee200000 	E:\Applications\bahasa\java\versi 21\bin\java.exe
0x00007ffd7f400000 - 0x00007ffd7f667000 	C:\WINDOWS\SYSTEM32\ntdll.dll
0x00007ffd7e470000 - 0x00007ffd7e539000 	C:\WINDOWS\System32\KERNEL32.DLL
0x00007ffd7cc10000 - 0x00007ffd7cfff000 	C:\WINDOWS\System32\KERNELBASE.dll
0x00007ffd7c6c0000 - 0x00007ffd7c80b000 	C:\WINDOWS\System32\ucrtbase.dll
0x00007ffd703e0000 - 0x00007ffd703f9000 	E:\Applications\bahasa\java\versi 21\bin\jli.dll
0x00007ffd6b450000 - 0x00007ffd6b46e000 	E:\Applications\bahasa\java\versi 21\bin\VCRUNTIME140.dll
0x00007ffd7da20000 - 0x00007ffd7dad4000 	C:\WINDOWS\System32\ADVAPI32.dll
0x00007ffd7df80000 - 0x00007ffd7e029000 	C:\WINDOWS\System32\msvcrt.dll
0x00007ffd7f310000 - 0x00007ffd7f3b6000 	C:\WINDOWS\System32\sechost.dll
0x00007ffd7d900000 - 0x00007ffd7da18000 	C:\WINDOWS\System32\RPCRT4.dll
0x00007ffd7e130000 - 0x00007ffd7e2f5000 	C:\WINDOWS\System32\USER32.dll
0x00007ffd6d350000 - 0x00007ffd6d5e3000 	C:\WINDOWS\WinSxS\amd64_microsoft.windows.common-controls_6595b64144ccf1df_6.0.26100.7309_none_3e05feeae336a044\COMCTL32.dll
0x00007ffd7d0c0000 - 0x00007ffd7d0e7000 	C:\WINDOWS\System32\win32u.dll
0x00007ffd7d8d0000 - 0x00007ffd7d8fb000 	C:\WINDOWS\System32\GDI32.dll
0x00007ffd7cae0000 - 0x00007ffd7cc0c000 	C:\WINDOWS\System32\gdi32full.dll
0x00007ffd7d010000 - 0x00007ffd7d0b3000 	C:\WINDOWS\System32\msvcp_win.dll
0x00007ffd743a0000 - 0x00007ffd743ab000 	C:\WINDOWS\SYSTEM32\VERSION.dll
0x00007ffd7efe0000 - 0x00007ffd7f011000 	C:\WINDOWS\System32\IMM32.DLL
0x00007ffd71040000 - 0x00007ffd7104c000 	E:\Applications\bahasa\java\versi 21\bin\vcruntime140_1.dll
0x00007ffd64980000 - 0x00007ffd64a0d000 	E:\Applications\bahasa\java\versi 21\bin\msvcp140.dll
0x00007ffcc8e60000 - 0x00007ffcc9b88000 	E:\Applications\bahasa\java\versi 21\bin\server\jvm.dll
0x00007ffd7e550000 - 0x00007ffd7e5c4000 	C:\WINDOWS\System32\WS2_32.dll
0x00007ffd7c3d0000 - 0x00007ffd7c42e000 	C:\WINDOWS\SYSTEM32\POWRPROF.dll
0x00007ffd74210000 - 0x00007ffd74245000 	C:\WINDOWS\SYSTEM32\WINMM.dll
0x00007ffd7c3b0000 - 0x00007ffd7c3c4000 	C:\WINDOWS\SYSTEM32\UMPDC.dll
0x00007ffd7b2c0000 - 0x00007ffd7b2db000 	C:\WINDOWS\SYSTEM32\kernel.appcore.dll
0x00007ffd70f50000 - 0x00007ffd70f5a000 	E:\Applications\bahasa\java\versi 21\bin\jimage.dll
0x00007ffd74a60000 - 0x00007ffd74ca2000 	C:\WINDOWS\SYSTEM32\DBGHELP.DLL
0x00007ffd7db20000 - 0x00007ffd7dea5000 	C:\WINDOWS\System32\combase.dll
0x00007ffd7d7d0000 - 0x00007ffd7d8a6000 	C:\WINDOWS\System32\OLEAUT32.dll
0x00007ffd6d150000 - 0x00007ffd6d18c000 	C:\WINDOWS\SYSTEM32\dbgcore.DLL
0x00007ffd7d0f0000 - 0x00007ffd7d195000 	C:\WINDOWS\System32\bcryptPrimitives.dll
0x00007ffd6b420000 - 0x00007ffd6b441000 	E:\Applications\bahasa\java\versi 21\bin\java.dll

dbghelp: loaded successfully - version: 4.0.5 - missing functions: none
symbol engine: initialized successfully - sym options: 0x614 - pdb path: .;E:\Applications\bahasa\java\versi 21\bin;C:\WINDOWS\SYSTEM32;C:\WINDOWS\WinSxS\amd64_microsoft.windows.common-controls_6595b64144ccf1df_6.0.26100.7309_none_3e05feeae336a044;E:\Applications\bahasa\java\versi 21\bin\server

VM Arguments:
jvm_args: -Dfile.encoding=UTF-8 -Duser.country=ID -Duser.language=en -Duser.variant 
java_command: day21.day21_4
java_class_path (initial): E:\data\java\day21\New folder\soal3\build\classes\java\main;E:\data\java\day21\New folder\soal3\build\resources\main
Launcher Type: SUN_STANDARD

[Global flags]
     intx CICompilerCount                          = 4                                         {product} {ergonomic}
     uint ConcGCThreads                            = 3                                         {product} {ergonomic}
     uint G1ConcRefinementThreads                  = 10                                        {product} {ergonomic}
   size_t G1HeapRegionSize                         = 2097152                                   {product} {ergonomic}
    uintx GCDrainStackTargetSize                   = 64                                        {product} {ergonomic}
   size_t InitialHeapSize                          = 260046848                                 {product} {ergonomic}
   size_t MarkStackSize                            = 4194304                                   {product} {ergonomic}
   size_t MaxHeapSize                              = 4135583744                                {product} {ergonomic}
   size_t MinHeapDeltaBytes                        = 2097152                                   {product} {ergonomic}
   size_t MinHeapSize                              = 8388608                                   {product} {ergonomic}
    uintx NonNMethodCodeHeapSize                   = 5839372                                {pd product} {ergonomic}
    uintx NonProfiledCodeHeapSize                  = 122909434                              {pd product} {ergonomic}
    uintx ProfiledCodeHeapSize                     = 122909434                              {pd product} {ergonomic}
    uintx ReservedCodeCacheSize                    = 251658240                              {pd product} {ergonomic}
     bool SegmentedCodeCache                       = true                                      {product} {ergonomic}
   size_t SoftMaxHeapSize                          = 4135583744                             {manageable} {ergonomic}
     bool UseCompressedOops                        = true                           {product lp64_product} {ergonomic}
     bool UseG1GC                                  = true                                      {product} {ergonomic}
     bool UseLargePagesIndividualAllocation        = false                                  {pd product} {ergonomic}

Logging:
Log output configuration:
 #0: stdout all=warning uptime,level,tags foldmultilines=false
 #1: stderr all=off uptime,level,tags foldmultilines=false

Environment Variables:
JAVA_HOME=E:\Applications\bahasa\java\versi 21
PATH=C:\Program Files\Common Files\Oracle\Java\javapath;E:\Applications\Python311\Scripts\;E:\Applications\Python311\;C:\WINDOWS\system32;C:\WINDOWS;C:\WINDOWS\System32\Wbem;C:\WINDOWS\System32\WindowsPowerShell\v1.0\;C:\WINDOWS\System32\OpenSSH\;E:\Applications\Git\cmd;C:\Program Files\Microsoft SQL Server\150\Tools\Binn\;C:\Program Files\Microsoft SQL Server\Client SDK\ODBC\170\Tools\Binn\;C:\Program Files\dotnet\;C:\Program Files (x86)\Windows Kits\10\Windows Performance Toolkit\;E:\Applications\bahasa\java\versi 21\bin;E:\Applications\maven-mvnd-1.0.6-windows-amd64\maven-mvnd-1.0.6-windows-amd64\bin;E:\Applications\gradle-9.6.1\bin;E:\Applications\jdk\bin;C:\Users\Hype\AppData\Local\Microsoft\WindowsApps;C:\Users\Hype\.lmstudio\bin;E:\Applications\Microsoft VS Code\bin;C:\Users\Hype\.dotnet\tools;C:\Users\Hype\AppData\Local\Microsoft\WindowsApps;E:\Applications\bahasa\java\versi 21\bin;E:\Applications\New folder\IntelliJ IDEA 2026.2.0.1\bin;E:\Applications\maven-mvnd-1.0.6-windows-amd64\maven-mvnd-1.0.6-windows-amd64\bin;E:\Applications\gradle-9.6.1\bin;
USERNAME=Hype
OS=Windows_NT
PROCESSOR_IDENTIFIER=AMD64 Family 25 Model 80 Stepping 0, AuthenticAMD
TMP=C:\Users\Hype\AppData\Local\Temp
TEMP=C:\Users\Hype\AppData\Local\Temp




Periodic native trim disabled

---------------  S Y S T E M  ---------------

OS:
 Windows 11 , 64 bit Build 26100 (10.0.26100.7309)
OS uptime: 11 days 8:38 hours
Hyper-V role detected

CPU: total 12 (initial active 12) (12 cores per cpu, 2 threads per core) family 25 model 80 stepping 0 microcode 0xa50000f, cx8, cmov, fxsr, ht, mmx, 3dnowpref, sse, sse2, sse3, ssse3, sse4a, sse4.1, sse4.2, popcnt, lzcnt, tsc, tscinvbit, avx, avx2, aes, erms, clmul, bmi1, bmi2, adx, sha, fma, vzeroupper, clflush, clflushopt, hv, rdtscp, rdpid, fsrm, f16c, cet_ss
Processor Information for processor 0
  Max Mhz: 2301, Current Mhz: 2301, Mhz Limit: 2301
Processor Information for processor 1
  Max Mhz: 2301, Current Mhz: 2301, Mhz Limit: 2301
Processor Information for processor 2
  Max Mhz: 2301, Current Mhz: 2301, Mhz Limit: 2301
Processor Information for processor 3
  Max Mhz: 2301, Current Mhz: 2301, Mhz Limit: 2301
Processor Information for processor 4
  Max Mhz: 2301, Current Mhz: 2301, Mhz Limit: 2301
Processor Information for processor 5
  Max Mhz: 2301, Current Mhz: 2301, Mhz Limit: 2301
Processor Information for processor 6
  Max Mhz: 2301, Current Mhz: 2301, Mhz Limit: 2301
Processor Information for processor 7
  Max Mhz: 2301, Current Mhz: 2010, Mhz Limit: 2301
Processor Information for processor 8
  Max Mhz: 2301, Current Mhz: 2010, Mhz Limit: 2301
Processor Information for processor 9
  Max Mhz: 2301, Current Mhz: 2301, Mhz Limit: 2301
Processor Information for processor 10
  Max Mhz: 2301, Current Mhz: 2010, Mhz Limit: 2301
Processor Information for processor 11
  Max Mhz: 2301, Current Mhz: 2301, Mhz Limit: 2301

Memory: 4k page, system-wide physical 15772M (827M free)
TotalPageFile size 31132M (AvailPageFile size 152M)
current process WorkingSet (physical memory assigned to process): 12M, peak: 12M
current process commit charge ("private bytes"): 64M, peak: 312M

vm_info: Java HotSpot(TM) 64-Bit Server VM (21.0.11+9-LTS-211) for windows-amd64 JRE (21.0.11+9-LTS-211), built on 2026-03-11T00:23:15Z by "mach5run" with MS VC++ 17.13 (VS2022)

END.
